Archive member included because of file (symbol)

c:/program files (x86)/atmel/atmel toolchain/avr8 gcc/native/3.4.1056/avr8-gnu-toolchain/bin/../lib/gcc/avr/4.8.1/avr51\libgcc.a(_exit.o)
                              c:/program files (x86)/atmel/atmel toolchain/avr8 gcc/native/3.4.1056/avr8-gnu-toolchain/bin/../lib/gcc/avr/4.8.1/../../../../avr/lib/avr51/crtm1280.o (exit)
c:/program files (x86)/atmel/atmel toolchain/avr8 gcc/native/3.4.1056/avr8-gnu-toolchain/bin/../lib/gcc/avr/4.8.1/avr51\libgcc.a(_copy_data.o)
                              IntelHex.o (__do_copy_data)
c:/program files (x86)/atmel/atmel toolchain/avr8 gcc/native/3.4.1056/avr8-gnu-toolchain/bin/../lib/gcc/avr/4.8.1/avr51\libgcc.a(_clear_bss.o)
                              IntelHex.o (__do_clear_bss)
c:/program files (x86)/atmel/atmel toolchain/avr8 gcc/native/3.4.1056/avr8-gnu-toolchain/bin/../lib/gcc/avr/4.8.1/../../../../avr/lib/avr51\libc.a(fputc.o)
                              Print/PrintDriver.o (fputc)
c:/program files (x86)/atmel/atmel toolchain/avr8 gcc/native/3.4.1056/avr8-gnu-toolchain/bin/../lib/gcc/avr/4.8.1/../../../../avr/lib/avr51\libc.a(iob.o)
                              Print/PrintDriver.o (__iob)
c:/program files (x86)/atmel/atmel toolchain/avr8 gcc/native/3.4.1056/avr8-gnu-toolchain/bin/../lib/gcc/avr/4.8.1/../../../../avr/lib/avr51\libc.a(printf.o)
                              IntelHex.o (printf)
c:/program files (x86)/atmel/atmel toolchain/avr8 gcc/native/3.4.1056/avr8-gnu-toolchain/bin/../lib/gcc/avr/4.8.1/../../../../avr/lib/avr51\libc.a(putchar.o)
                              IntelHex.o (putchar)
c:/program files (x86)/atmel/atmel toolchain/avr8 gcc/native/3.4.1056/avr8-gnu-toolchain/bin/../lib/gcc/avr/4.8.1/../../../../avr/lib/avr51\libc.a(puts.o)
                              ParallelProgram.o (puts)
c:/program files (x86)/atmel/atmel toolchain/avr8 gcc/native/3.4.1056/avr8-gnu-toolchain/bin/../lib/gcc/avr/4.8.1/../../../../avr/lib/avr51\libc.a(vfprintf_std.o)
                              c:/program files (x86)/atmel/atmel toolchain/avr8 gcc/native/3.4.1056/avr8-gnu-toolchain/bin/../lib/gcc/avr/4.8.1/../../../../avr/lib/avr51\libc.a(printf.o) (vfprintf)
c:/program files (x86)/atmel/atmel toolchain/avr8 gcc/native/3.4.1056/avr8-gnu-toolchain/bin/../lib/gcc/avr/4.8.1/../../../../avr/lib/avr51\libc.a(strnlen_P.o)
                              c:/program files (x86)/atmel/atmel toolchain/avr8 gcc/native/3.4.1056/avr8-gnu-toolchain/bin/../lib/gcc/avr/4.8.1/../../../../avr/lib/avr51\libc.a(vfprintf_std.o) (strnlen_P)
c:/program files (x86)/atmel/atmel toolchain/avr8 gcc/native/3.4.1056/avr8-gnu-toolchain/bin/../lib/gcc/avr/4.8.1/../../../../avr/lib/avr51\libc.a(strnlen.o)
                              c:/program files (x86)/atmel/atmel toolchain/avr8 gcc/native/3.4.1056/avr8-gnu-toolchain/bin/../lib/gcc/avr/4.8.1/../../../../avr/lib/avr51\libc.a(vfprintf_std.o) (strnlen)
c:/program files (x86)/atmel/atmel toolchain/avr8 gcc/native/3.4.1056/avr8-gnu-toolchain/bin/../lib/gcc/avr/4.8.1/../../../../avr/lib/avr51\libc.a(ultoa_invert.o)
                              c:/program files (x86)/atmel/atmel toolchain/avr8 gcc/native/3.4.1056/avr8-gnu-toolchain/bin/../lib/gcc/avr/4.8.1/../../../../avr/lib/avr51\libc.a(vfprintf_std.o) (__ultoa_invert)

Allocating common symbols
Common symbol       size              file

hexRow              0x32              IntelHex.o
RAMOffset           0x2               IntelHex.o
__iob               0x6               c:/program files (x86)/atmel/atmel toolchain/avr8 gcc/native/3.4.1056/avr8-gnu-toolchain/bin/../lib/gcc/avr/4.8.1/../../../../avr/lib/avr51\libc.a(iob.o)
ShiftRegData        0x1e              SwitchingCircuitry.o

Discarded input sections

 .bss           0x00000000        0x0 c:/program files (x86)/atmel/atmel toolchain/avr8 gcc/native/3.4.1056/avr8-gnu-toolchain/bin/../lib/gcc/avr/4.8.1/../../../../avr/lib/avr51/crtm1280.o
 .text          0x00000000        0x0 FPGA.o
 .bss           0x00000000        0x0 FPGA.o
 .text          0x00000000        0x0 IntelHex.o
 .bss           0x00000000        0x0 IntelHex.o
 .text.getHexRow
                0x00000000       0x90 IntelHex.o
 .text          0x00000000        0x0 ProgramDriver.o
 .bss           0x00000000        0x0 ProgramDriver.o
 .text.WriteWord
                0x00000000       0x4c ProgramDriver.o
 .text.LoadLowAddress
                0x00000000       0x28 ProgramDriver.o
 .text.LoadHighAddress
                0x00000000       0x28 ProgramDriver.o
 .text.ProgramPage
                0x00000000       0x1a ProgramDriver.o
 .text.EndPageProgramming
                0x00000000       0x26 ProgramDriver.o
 .rodata.str1.1
                0x00000000       0x27 ProgramDriver.o
 .text.ReadFlash
                0x00000000       0xea ProgramDriver.o
 .text.ChipErase
                0x00000000       0x42 ProgramDriver.o
 .text.ProgramFlash
                0x00000000      0x180 ProgramDriver.o
 .text.ProgramFlashTest
                0x00000000       0x38 ProgramDriver.o
 .text          0x00000000        0x0 ParallelProgram.o
 .bss           0x00000000        0x0 ParallelProgram.o
 .text          0x00000000        0x0 Print/PrintDriver.o
 .bss           0x00000000        0x0 Print/PrintDriver.o
 .text.uart_flush
                0x00000000       0x1a Print/PrintDriver.o
 .text.uart_putch
                0x00000000       0x24 Print/PrintDriver.o
 .text.uart_getch
                0x00000000       0x20 Print/PrintDriver.o
 .text.ansi_cl  0x00000000       0x56 Print/PrintDriver.o
 .text.ansi_me  0x00000000       0x3e Print/PrintDriver.o
 .text.UARTStream_Init
                0x00000000       0x34 Print/PrintDriver.o
 .text          0x00000000        0x0 Print/UARTStream.o
 .bss           0x00000000        0x0 Print/UARTStream.o
 .text          0x00000000        0x0 RAM/RAMDriver.o
 .bss           0x00000000        0x0 RAM/RAMDriver.o
 .text.setSPIClockDiv
                0x00000000        0x6 RAM/RAMDriver.o
 .text.RAMRead  0x00000000       0x68 RAM/RAMDriver.o
 .text.RAMReadByte
                0x00000000        0xe RAM/RAMDriver.o
 .text          0x00000000        0x0 SwitchingCircuitry.o
 .bss           0x00000000        0x0 SwitchingCircuitry.o
 .text.SwitchingCircuitryEnable
                0x00000000       0x34 SwitchingCircuitry.o
 .text.ClearShiftRegData
                0x00000000       0x26 SwitchingCircuitry.o
 .text          0x00000000        0x0 VoltageControlDriver.o
 .bss           0x00000000        0x0 VoltageControlDriver.o
 .text.VppClear
                0x00000000        0xa VoltageControlDriver.o
 .text.VccClear
                0x00000000        0xa VoltageControlDriver.o
 .text.VLogicClear
                0x00000000        0xa VoltageControlDriver.o
 .text          0x00000000        0x0 c:/program files (x86)/atmel/atmel toolchain/avr8 gcc/native/3.4.1056/avr8-gnu-toolchain/bin/../lib/gcc/avr/4.8.1/avr51\libgcc.a(_exit.o)
 .bss           0x00000000        0x0 c:/program files (x86)/atmel/atmel toolchain/avr8 gcc/native/3.4.1056/avr8-gnu-toolchain/bin/../lib/gcc/avr/4.8.1/avr51\libgcc.a(_exit.o)
 .text.libgcc.mul
                0x00000000        0x0 c:/program files (x86)/atmel/atmel toolchain/avr8 gcc/native/3.4.1056/avr8-gnu-toolchain/bin/../lib/gcc/avr/4.8.1/avr51\libgcc.a(_exit.o)
 .text.libgcc.div
                0x00000000        0x0 c:/program files (x86)/atmel/atmel toolchain/avr8 gcc/native/3.4.1056/avr8-gnu-toolchain/bin/../lib/gcc/avr/4.8.1/avr51\libgcc.a(_exit.o)
 .text.libgcc   0x00000000        0x0 c:/program files (x86)/atmel/atmel toolchain/avr8 gcc/native/3.4.1056/avr8-gnu-toolchain/bin/../lib/gcc/avr/4.8.1/avr51\libgcc.a(_exit.o)
 .text.libgcc.prologue
                0x00000000        0x0 c:/program files (x86)/atmel/atmel toolchain/avr8 gcc/native/3.4.1056/avr8-gnu-toolchain/bin/../lib/gcc/avr/4.8.1/avr51\libgcc.a(_exit.o)
 .text.libgcc.builtins
                0x00000000        0x0 c:/program files (x86)/atmel/atmel toolchain/avr8 gcc/native/3.4.1056/avr8-gnu-toolchain/bin/../lib/gcc/avr/4.8.1/avr51\libgcc.a(_exit.o)
 .text.libgcc.fmul
                0x00000000        0x0 c:/program files (x86)/atmel/atmel toolchain/avr8 gcc/native/3.4.1056/avr8-gnu-toolchain/bin/../lib/gcc/avr/4.8.1/avr51\libgcc.a(_exit.o)
 .text.libgcc.fixed
                0x00000000        0x0 c:/program files (x86)/atmel/atmel toolchain/avr8 gcc/native/3.4.1056/avr8-gnu-toolchain/bin/../lib/gcc/avr/4.8.1/avr51\libgcc.a(_exit.o)
 .text          0x00000000        0x0 c:/program files (x86)/atmel/atmel toolchain/avr8 gcc/native/3.4.1056/avr8-gnu-toolchain/bin/../lib/gcc/avr/4.8.1/avr51\libgcc.a(_copy_data.o)
 .bss           0x00000000        0x0 c:/program files (x86)/atmel/atmel toolchain/avr8 gcc/native/3.4.1056/avr8-gnu-toolchain/bin/../lib/gcc/avr/4.8.1/avr51\libgcc.a(_copy_data.o)
 .text.libgcc.mul
                0x00000000        0x0 c:/program files (x86)/atmel/atmel toolchain/avr8 gcc/native/3.4.1056/avr8-gnu-toolchain/bin/../lib/gcc/avr/4.8.1/avr51\libgcc.a(_copy_data.o)
 .text.libgcc.div
                0x00000000        0x0 c:/program files (x86)/atmel/atmel toolchain/avr8 gcc/native/3.4.1056/avr8-gnu-toolchain/bin/../lib/gcc/avr/4.8.1/avr51\libgcc.a(_copy_data.o)
 .text.libgcc   0x00000000        0x0 c:/program files (x86)/atmel/atmel toolchain/avr8 gcc/native/3.4.1056/avr8-gnu-toolchain/bin/../lib/gcc/avr/4.8.1/avr51\libgcc.a(_copy_data.o)
 .text.libgcc.prologue
                0x00000000        0x0 c:/program files (x86)/atmel/atmel toolchain/avr8 gcc/native/3.4.1056/avr8-gnu-toolchain/bin/../lib/gcc/avr/4.8.1/avr51\libgcc.a(_copy_data.o)
 .text.libgcc.builtins
                0x00000000        0x0 c:/program files (x86)/atmel/atmel toolchain/avr8 gcc/native/3.4.1056/avr8-gnu-toolchain/bin/../lib/gcc/avr/4.8.1/avr51\libgcc.a(_copy_data.o)
 .text.libgcc.fmul
                0x00000000        0x0 c:/program files (x86)/atmel/atmel toolchain/avr8 gcc/native/3.4.1056/avr8-gnu-toolchain/bin/../lib/gcc/avr/4.8.1/avr51\libgcc.a(_copy_data.o)
 .text.libgcc.fixed
                0x00000000        0x0 c:/program files (x86)/atmel/atmel toolchain/avr8 gcc/native/3.4.1056/avr8-gnu-toolchain/bin/../lib/gcc/avr/4.8.1/avr51\libgcc.a(_copy_data.o)
 .text          0x00000000        0x0 c:/program files (x86)/atmel/atmel toolchain/avr8 gcc/native/3.4.1056/avr8-gnu-toolchain/bin/../lib/gcc/avr/4.8.1/avr51\libgcc.a(_clear_bss.o)
 .bss           0x00000000        0x0 c:/program files (x86)/atmel/atmel toolchain/avr8 gcc/native/3.4.1056/avr8-gnu-toolchain/bin/../lib/gcc/avr/4.8.1/avr51\libgcc.a(_clear_bss.o)
 .text.libgcc.mul
                0x00000000        0x0 c:/program files (x86)/atmel/atmel toolchain/avr8 gcc/native/3.4.1056/avr8-gnu-toolchain/bin/../lib/gcc/avr/4.8.1/avr51\libgcc.a(_clear_bss.o)
 .text.libgcc.div
                0x00000000        0x0 c:/program files (x86)/atmel/atmel toolchain/avr8 gcc/native/3.4.1056/avr8-gnu-toolchain/bin/../lib/gcc/avr/4.8.1/avr51\libgcc.a(_clear_bss.o)
 .text.libgcc   0x00000000        0x0 c:/program files (x86)/atmel/atmel toolchain/avr8 gcc/native/3.4.1056/avr8-gnu-toolchain/bin/../lib/gcc/avr/4.8.1/avr51\libgcc.a(_clear_bss.o)
 .text.libgcc.prologue
                0x00000000        0x0 c:/program files (x86)/atmel/atmel toolchain/avr8 gcc/native/3.4.1056/avr8-gnu-toolchain/bin/../lib/gcc/avr/4.8.1/avr51\libgcc.a(_clear_bss.o)
 .text.libgcc.builtins
                0x00000000        0x0 c:/program files (x86)/atmel/atmel toolchain/avr8 gcc/native/3.4.1056/avr8-gnu-toolchain/bin/../lib/gcc/avr/4.8.1/avr51\libgcc.a(_clear_bss.o)
 .text.libgcc.fmul
                0x00000000        0x0 c:/program files (x86)/atmel/atmel toolchain/avr8 gcc/native/3.4.1056/avr8-gnu-toolchain/bin/../lib/gcc/avr/4.8.1/avr51\libgcc.a(_clear_bss.o)
 .text.libgcc.fixed
                0x00000000        0x0 c:/program files (x86)/atmel/atmel toolchain/avr8 gcc/native/3.4.1056/avr8-gnu-toolchain/bin/../lib/gcc/avr/4.8.1/avr51\libgcc.a(_clear_bss.o)
 .text          0x00000000        0x0 c:/program files (x86)/atmel/atmel toolchain/avr8 gcc/native/3.4.1056/avr8-gnu-toolchain/bin/../lib/gcc/avr/4.8.1/../../../../avr/lib/avr51\libc.a(fputc.o)
 .bss           0x00000000        0x0 c:/program files (x86)/atmel/atmel toolchain/avr8 gcc/native/3.4.1056/avr8-gnu-toolchain/bin/../lib/gcc/avr/4.8.1/../../../../avr/lib/avr51\libc.a(fputc.o)
 .text          0x00000000        0x0 c:/program files (x86)/atmel/atmel toolchain/avr8 gcc/native/3.4.1056/avr8-gnu-toolchain/bin/../lib/gcc/avr/4.8.1/../../../../avr/lib/avr51\libc.a(iob.o)
 .bss           0x00000000        0x0 c:/program files (x86)/atmel/atmel toolchain/avr8 gcc/native/3.4.1056/avr8-gnu-toolchain/bin/../lib/gcc/avr/4.8.1/../../../../avr/lib/avr51\libc.a(iob.o)
 .text          0x00000000        0x0 c:/program files (x86)/atmel/atmel toolchain/avr8 gcc/native/3.4.1056/avr8-gnu-toolchain/bin/../lib/gcc/avr/4.8.1/../../../../avr/lib/avr51\libc.a(printf.o)
 .bss           0x00000000        0x0 c:/program files (x86)/atmel/atmel toolchain/avr8 gcc/native/3.4.1056/avr8-gnu-toolchain/bin/../lib/gcc/avr/4.8.1/../../../../avr/lib/avr51\libc.a(printf.o)
 .text          0x00000000        0x0 c:/program files (x86)/atmel/atmel toolchain/avr8 gcc/native/3.4.1056/avr8-gnu-toolchain/bin/../lib/gcc/avr/4.8.1/../../../../avr/lib/avr51\libc.a(putchar.o)
 .bss           0x00000000        0x0 c:/program files (x86)/atmel/atmel toolchain/avr8 gcc/native/3.4.1056/avr8-gnu-toolchain/bin/../lib/gcc/avr/4.8.1/../../../../avr/lib/avr51\libc.a(putchar.o)
 .text          0x00000000        0x0 c:/program files (x86)/atmel/atmel toolchain/avr8 gcc/native/3.4.1056/avr8-gnu-toolchain/bin/../lib/gcc/avr/4.8.1/../../../../avr/lib/avr51\libc.a(puts.o)
 .bss           0x00000000        0x0 c:/program files (x86)/atmel/atmel toolchain/avr8 gcc/native/3.4.1056/avr8-gnu-toolchain/bin/../lib/gcc/avr/4.8.1/../../../../avr/lib/avr51\libc.a(puts.o)
 .text          0x00000000        0x0 c:/program files (x86)/atmel/atmel toolchain/avr8 gcc/native/3.4.1056/avr8-gnu-toolchain/bin/../lib/gcc/avr/4.8.1/../../../../avr/lib/avr51\libc.a(vfprintf_std.o)
 .bss           0x00000000        0x0 c:/program files (x86)/atmel/atmel toolchain/avr8 gcc/native/3.4.1056/avr8-gnu-toolchain/bin/../lib/gcc/avr/4.8.1/../../../../avr/lib/avr51\libc.a(vfprintf_std.o)
 .text          0x00000000        0x0 c:/program files (x86)/atmel/atmel toolchain/avr8 gcc/native/3.4.1056/avr8-gnu-toolchain/bin/../lib/gcc/avr/4.8.1/../../../../avr/lib/avr51\libc.a(strnlen_P.o)
 .bss           0x00000000        0x0 c:/program files (x86)/atmel/atmel toolchain/avr8 gcc/native/3.4.1056/avr8-gnu-toolchain/bin/../lib/gcc/avr/4.8.1/../../../../avr/lib/avr51\libc.a(strnlen_P.o)
 .text          0x00000000        0x0 c:/program files (x86)/atmel/atmel toolchain/avr8 gcc/native/3.4.1056/avr8-gnu-toolchain/bin/../lib/gcc/avr/4.8.1/../../../../avr/lib/avr51\libc.a(strnlen.o)
 .bss           0x00000000        0x0 c:/program files (x86)/atmel/atmel toolchain/avr8 gcc/native/3.4.1056/avr8-gnu-toolchain/bin/../lib/gcc/avr/4.8.1/../../../../avr/lib/avr51\libc.a(strnlen.o)
 .text          0x00000000        0x0 c:/program files (x86)/atmel/atmel toolchain/avr8 gcc/native/3.4.1056/avr8-gnu-toolchain/bin/../lib/gcc/avr/4.8.1/../../../../avr/lib/avr51\libc.a(ultoa_invert.o)
 .bss           0x00000000        0x0 c:/program files (x86)/atmel/atmel toolchain/avr8 gcc/native/3.4.1056/avr8-gnu-toolchain/bin/../lib/gcc/avr/4.8.1/../../../../avr/lib/avr51\libc.a(ultoa_invert.o)

Memory Configuration

Name             Origin             Length             Attributes
text             0x00000000         0x00020000         xr
data             0x00800100         0x0000ff00         rw !x
eeprom           0x00810000         0x00010000         rw !x
fuse             0x00820000         0x00000400         rw !x
lock             0x00830000         0x00000400         rw !x
signature        0x00840000         0x00000400         rw !x
user_signatures  0x00850000         0x00000400         rw !x
*default*        0x00000000         0xffffffff

Linker script and memory map

Address of section .data set to 0x800200
LOAD c:/program files (x86)/atmel/atmel toolchain/avr8 gcc/native/3.4.1056/avr8-gnu-toolchain/bin/../lib/gcc/avr/4.8.1/../../../../avr/lib/avr51/crtm1280.o
LOAD FPGA.o
LOAD IntelHex.o
LOAD ProgramDriver.o
LOAD ParallelProgram.o
LOAD Print/PrintDriver.o
LOAD Print/UARTStream.o
LOAD RAM/RAMDriver.o
LOAD SwitchingCircuitry.o
LOAD VoltageControlDriver.o
START GROUP
LOAD c:/program files (x86)/atmel/atmel toolchain/avr8 gcc/native/3.4.1056/avr8-gnu-toolchain/bin/../lib/gcc/avr/4.8.1/../../../../avr/lib/avr51\libm.a
END GROUP
START GROUP
LOAD c:/program files (x86)/atmel/atmel toolchain/avr8 gcc/native/3.4.1056/avr8-gnu-toolchain/bin/../lib/gcc/avr/4.8.1/avr51\libgcc.a
LOAD c:/program files (x86)/atmel/atmel toolchain/avr8 gcc/native/3.4.1056/avr8-gnu-toolchain/bin/../lib/gcc/avr/4.8.1/../../../../avr/lib/avr51\libm.a
LOAD c:/program files (x86)/atmel/atmel toolchain/avr8 gcc/native/3.4.1056/avr8-gnu-toolchain/bin/../lib/gcc/avr/4.8.1/../../../../avr/lib/avr51\libc.a
END GROUP

.hash
 *(.hash)

.dynsym
 *(.dynsym)

.dynstr
 *(.dynstr)

.gnu.version
 *(.gnu.version)

.gnu.version_d
 *(.gnu.version_d)

.gnu.version_r
 *(.gnu.version_r)

.rel.init
 *(.rel.init)

.rela.init
 *(.rela.init)

.rel.text
 *(.rel.text)
 *(.rel.text.*)
 *(.rel.gnu.linkonce.t*)

.rela.text
 *(.rela.text)
 *(.rela.text.*)
 *(.rela.gnu.linkonce.t*)

.rel.fini
 *(.rel.fini)

.rela.fini
 *(.rela.fini)

.rel.rodata
 *(.rel.rodata)
 *(.rel.rodata.*)
 *(.rel.gnu.linkonce.r*)

.rela.rodata
 *(.rela.rodata)
 *(.rela.rodata.*)
 *(.rela.gnu.linkonce.r*)

.rel.data
 *(.rel.data)
 *(.rel.data.*)
 *(.rel.gnu.linkonce.d*)

.rela.data
 *(.rela.data)
 *(.rela.data.*)
 *(.rela.gnu.linkonce.d*)

.rel.ctors
 *(.rel.ctors)

.rela.ctors
 *(.rela.ctors)

.rel.dtors
 *(.rel.dtors)

.rela.dtors
 *(.rela.dtors)

.rel.got
 *(.rel.got)

.rela.got
 *(.rela.got)

.rel.bss
 *(.rel.bss)

.rela.bss
 *(.rela.bss)

.rel.plt
 *(.rel.plt)

.rela.plt
 *(.rela.plt)

.text           0x00000000      0xf7c
 *(.vectors)
 .vectors       0x00000000       0xe4 c:/program files (x86)/atmel/atmel toolchain/avr8 gcc/native/3.4.1056/avr8-gnu-toolchain/bin/../lib/gcc/avr/4.8.1/../../../../avr/lib/avr51/crtm1280.o
                0x00000000                __vector_default
                0x00000000                __vectors
 *(.vectors)
 *(.progmem.gcc*)
                0x000000e4                . = ALIGN (0x2)
                0x000000e4                __trampolines_start = .
 *(.trampolines)
 .trampolines   0x000000e4        0x0 linker stubs
 *(.trampolines*)
                0x000000e4                __trampolines_end = .
 *(.progmem*)
                0x000000e4                . = ALIGN (0x2)
 *(.jumptables)
 *(.jumptables*)
 *(.lowtext)
 *(.lowtext*)
                0x000000e4                __ctors_start = .
 *(.ctors)
                0x000000e4                __ctors_end = .
                0x000000e4                __dtors_start = .
 *(.dtors)
                0x000000e4                __dtors_end = .
 SORT(*)(.ctors)
 SORT(*)(.dtors)
 *(.init0)
 .init0         0x000000e4        0x0 c:/program files (x86)/atmel/atmel toolchain/avr8 gcc/native/3.4.1056/avr8-gnu-toolchain/bin/../lib/gcc/avr/4.8.1/../../../../avr/lib/avr51/crtm1280.o
                0x000000e4                __init
 *(.init0)
 *(.init1)
 *(.init1)
 *(.init2)
 .init2         0x000000e4        0xc c:/program files (x86)/atmel/atmel toolchain/avr8 gcc/native/3.4.1056/avr8-gnu-toolchain/bin/../lib/gcc/avr/4.8.1/../../../../avr/lib/avr51/crtm1280.o
 *(.init2)
 *(.init3)
 *(.init3)
 *(.init4)
 .init4         0x000000f0       0x1a c:/program files (x86)/atmel/atmel toolchain/avr8 gcc/native/3.4.1056/avr8-gnu-toolchain/bin/../lib/gcc/avr/4.8.1/avr51\libgcc.a(_copy_data.o)
                0x000000f0                __do_copy_data
 .init4         0x0000010a       0x10 c:/program files (x86)/atmel/atmel toolchain/avr8 gcc/native/3.4.1056/avr8-gnu-toolchain/bin/../lib/gcc/avr/4.8.1/avr51\libgcc.a(_clear_bss.o)
                0x0000010a                __do_clear_bss
 *(.init4)
 *(.init5)
 *(.init5)
 *(.init6)
 *(.init6)
 *(.init7)
 *(.init7)
 *(.init8)
 *(.init8)
 *(.init9)
 .init9         0x0000011a        0x4 c:/program files (x86)/atmel/atmel toolchain/avr8 gcc/native/3.4.1056/avr8-gnu-toolchain/bin/../lib/gcc/avr/4.8.1/../../../../avr/lib/avr51/crtm1280.o
 *(.init9)
 *(.text)
 .text          0x0000011e        0x2 c:/program files (x86)/atmel/atmel toolchain/avr8 gcc/native/3.4.1056/avr8-gnu-toolchain/bin/../lib/gcc/avr/4.8.1/../../../../avr/lib/avr51/crtm1280.o
                0x0000011e                __vector_38
                0x0000011e                __vector_22
                0x0000011e                __vector_28
                0x0000011e                __vector_1
                0x0000011e                __vector_32
                0x0000011e                __vector_34
                0x0000011e                __vector_24
                0x0000011e                __vector_12
                0x0000011e                __vector_55
                0x0000011e                __vector_46
                0x0000011e                __bad_interrupt
                0x0000011e                __vector_6
                0x0000011e                __vector_31
                0x0000011e                __vector_35
                0x0000011e                __vector_39
                0x0000011e                __vector_3
                0x0000011e                __vector_23
                0x0000011e                __vector_30
                0x0000011e                __vector_45
                0x0000011e                __vector_25
                0x0000011e                __vector_11
                0x0000011e                __vector_54
                0x0000011e                __vector_13
                0x0000011e                __vector_17
                0x0000011e                __vector_19
                0x0000011e                __vector_56
                0x0000011e                __vector_7
                0x0000011e                __vector_49
                0x0000011e                __vector_41
                0x0000011e                __vector_43
                0x0000011e                __vector_27
                0x0000011e                __vector_5
                0x0000011e                __vector_33
                0x0000011e                __vector_47
                0x0000011e                __vector_52
                0x0000011e                __vector_37
                0x0000011e                __vector_4
                0x0000011e                __vector_44
                0x0000011e                __vector_51
                0x0000011e                __vector_9
                0x0000011e                __vector_2
                0x0000011e                __vector_21
                0x0000011e                __vector_15
                0x0000011e                __vector_36
                0x0000011e                __vector_29
                0x0000011e                __vector_40
                0x0000011e                __vector_8
                0x0000011e                __vector_26
                0x0000011e                __vector_48
                0x0000011e                __vector_14
                0x0000011e                __vector_53
                0x0000011e                __vector_10
                0x0000011e                __vector_50
                0x0000011e                __vector_16
                0x0000011e                __vector_18
                0x0000011e                __vector_20
                0x0000011e                __vector_42
                0x00000120                . = ALIGN (0x2)
 *(.text.*)
 .text.SPI_FPGA_Write
                0x00000120        0xe FPGA.o
                0x00000120                SPI_FPGA_Write
 .text.SPI_FPGA_Init
                0x0000012e       0x1e FPGA.o
                0x0000012e                SPI_FPGA_Init
 .text.hexInit  0x0000014c       0x18 IntelHex.o
                0x0000014c                hexInit
 .text.writeHexFileTest
                0x00000164       0x5c IntelHex.o
                0x00000164                writeHexFileTest
 .text.ProgInit
                0x000001c0       0x3e ProgramDriver.o
                0x000001c0                ProgInit
 .text.ApplyPullDowns
                0x000001fe       0x80 ProgramDriver.o
                0x000001fe                ApplyPullDowns
 .text.LoadCommand
                0x0000027e       0x28 ProgramDriver.o
                0x0000027e                LoadCommand
 .text.EnableProgMode
                0x000002a6       0x5c ProgramDriver.o
                0x000002a6                EnableProgMode
 .text.ReadSignatureBytes
                0x00000302      0x13c ProgramDriver.o
                0x00000302                ReadSignatureBytes
 .text.ExitParallelProgrammingMode
                0x0000043e       0x84 ProgramDriver.o
                0x0000043e                ExitParallelProgrammingMode
 .text.main     0x000004c2       0x28 ParallelProgram.o
                0x000004c2                main
 .text.uart_sendStream
                0x000004ea       0x22 Print/PrintDriver.o
                0x000004ea                uart_sendStream
 .text.uart_receiveStream
                0x0000050c       0x1e Print/PrintDriver.o
                0x0000050c                uart_receiveStream
 .text.uart2_init
                0x0000052a       0x2c Print/PrintDriver.o
                0x0000052a                uart2_init
 .text.getRAMStatus
                0x00000556       0x1c RAM/RAMDriver.o
                0x00000556                getRAMStatus
 .text.setRAMStatus
                0x00000572       0x18 RAM/RAMDriver.o
                0x00000572                setRAMStatus
 .text.SPI_WriteAddress
                0x0000058a       0x2c RAM/RAMDriver.o
                0x0000058a                SPI_WriteAddress
 .text.SPI_WriteData
                0x000005b6        0xa RAM/RAMDriver.o
                0x000005b6                SPI_WriteData
 .text.SPI_ReadAddress
                0x000005c0       0x2c RAM/RAMDriver.o
                0x000005c0                SPI_ReadAddress
 .text.SPI_ReadData
                0x000005ec        0xc RAM/RAMDriver.o
                0x000005ec                SPI_ReadData
 .text.RAMWrite
                0x000005f8       0x7e RAM/RAMDriver.o
                0x000005f8                RAMWrite
 .text.RAMPrint
                0x00000676       0x9a RAM/RAMDriver.o
                0x00000676                RAMPrint
 .text.RAMWriteByte
                0x00000710       0x16 RAM/RAMDriver.o
                0x00000710                RAMWriteByte
 .text.SPI_Init
                0x00000726       0x1c RAM/RAMDriver.o
                0x00000726                SPI_Init
 .text.SPI_Switching_Circuitry_Init
                0x00000742       0x26 SwitchingCircuitry.o
                0x00000742                SPI_Switching_Circuitry_Init
 .text.SPI_Switching_Circuitry_Write
                0x00000768        0xa SwitchingCircuitry.o
                0x00000768                SPI_Switching_Circuitry_Write
 .text.SetShiftRegData
                0x00000772       0x28 SwitchingCircuitry.o
                0x00000772                SetShiftRegData
 .text.WriteShiftRegData
                0x0000079a       0x88 SwitchingCircuitry.o
                0x0000079a                WriteShiftRegData
 .text.setAtTiny2313
                0x00000822       0x92 SwitchingCircuitry.o
                0x00000822                setAtTiny2313
 .text.setAtMega324PA
                0x000008b4       0x96 SwitchingCircuitry.o
                0x000008b4                setAtMega324PA
 .text.voltageControlInit
                0x0000094a       0x14 VoltageControlDriver.o
                0x0000094a                voltageControlInit
 .text.enableVppRegulator
                0x0000095e        0x4 VoltageControlDriver.o
                0x0000095e                enableVppRegulator
 .text.disableVppRegulator
                0x00000962        0x4 VoltageControlDriver.o
                0x00000962                disableVppRegulator
 .text.enableVccRegulator
                0x00000966        0x4 VoltageControlDriver.o
                0x00000966                enableVccRegulator
 .text.disableVccRegulator
                0x0000096a        0x4 VoltageControlDriver.o
                0x0000096a                disableVccRegulator
 .text.setVcc   0x0000096e       0x1c VoltageControlDriver.o
                0x0000096e                setVcc
 .text.setVpp   0x0000098a       0x1c VoltageControlDriver.o
                0x0000098a                setVpp
 .text.enableVLogic
                0x000009a6        0x4 VoltageControlDriver.o
                0x000009a6                enableVLogic
 .text.disableVLogic
                0x000009aa        0x4 VoltageControlDriver.o
                0x000009aa                disableVLogic
 .text.setVLogic
                0x000009ae       0x1c VoltageControlDriver.o
                0x000009ae                setVLogic
 .text.avr-libc
                0x000009ca       0x64 c:/program files (x86)/atmel/atmel toolchain/avr8 gcc/native/3.4.1056/avr8-gnu-toolchain/bin/../lib/gcc/avr/4.8.1/../../../../avr/lib/avr51\libc.a(fputc.o)
                0x000009ca                fputc
 .text.avr-libc
                0x00000a2e       0x22 c:/program files (x86)/atmel/atmel toolchain/avr8 gcc/native/3.4.1056/avr8-gnu-toolchain/bin/../lib/gcc/avr/4.8.1/../../../../avr/lib/avr51\libc.a(printf.o)
                0x00000a2e                printf
 .text.avr-libc
                0x00000a50        0xa c:/program files (x86)/atmel/atmel toolchain/avr8 gcc/native/3.4.1056/avr8-gnu-toolchain/bin/../lib/gcc/avr/4.8.1/../../../../avr/lib/avr51\libc.a(putchar.o)
                0x00000a50                putchar
 .text.avr-libc
                0x00000a5a       0x5a c:/program files (x86)/atmel/atmel toolchain/avr8 gcc/native/3.4.1056/avr8-gnu-toolchain/bin/../lib/gcc/avr/4.8.1/../../../../avr/lib/avr51\libc.a(puts.o)
                0x00000a5a                puts
 .text.avr-libc
                0x00000ab4      0x3dc c:/program files (x86)/atmel/atmel toolchain/avr8 gcc/native/3.4.1056/avr8-gnu-toolchain/bin/../lib/gcc/avr/4.8.1/../../../../avr/lib/avr51\libc.a(vfprintf_std.o)
                0x00000ab4                vfprintf
 .text.avr-libc
                0x00000e90       0x16 c:/program files (x86)/atmel/atmel toolchain/avr8 gcc/native/3.4.1056/avr8-gnu-toolchain/bin/../lib/gcc/avr/4.8.1/../../../../avr/lib/avr51\libc.a(strnlen_P.o)
                0x00000e90                strnlen_P
 .text.avr-libc
                0x00000ea6       0x16 c:/program files (x86)/atmel/atmel toolchain/avr8 gcc/native/3.4.1056/avr8-gnu-toolchain/bin/../lib/gcc/avr/4.8.1/../../../../avr/lib/avr51\libc.a(strnlen.o)
                0x00000ea6                strnlen
 .text.avr-libc
                0x00000ebc       0xbc c:/program files (x86)/atmel/atmel toolchain/avr8 gcc/native/3.4.1056/avr8-gnu-toolchain/bin/../lib/gcc/avr/4.8.1/../../../../avr/lib/avr51\libc.a(ultoa_invert.o)
                0x00000ebc                __ultoa_invert
                0x00000f78                . = ALIGN (0x2)
 *(.fini9)
 .fini9         0x00000f78        0x0 c:/program files (x86)/atmel/atmel toolchain/avr8 gcc/native/3.4.1056/avr8-gnu-toolchain/bin/../lib/gcc/avr/4.8.1/avr51\libgcc.a(_exit.o)
                0x00000f78                _exit
                0x00000f78                exit
 *(.fini9)
 *(.fini8)
 *(.fini8)
 *(.fini7)
 *(.fini7)
 *(.fini6)
 *(.fini6)
 *(.fini5)
 *(.fini5)
 *(.fini4)
 *(.fini4)
 *(.fini3)
 *(.fini3)
 *(.fini2)
 *(.fini2)
 *(.fini1)
 *(.fini1)
 *(.fini0)
 .fini0         0x00000f78        0x4 c:/program files (x86)/atmel/atmel toolchain/avr8 gcc/native/3.4.1056/avr8-gnu-toolchain/bin/../lib/gcc/avr/4.8.1/avr51\libgcc.a(_exit.o)
 *(.fini0)
                0x00000f7c                _etext = .

.data           0x00800200       0x74 load address 0x00000f7c
                0x00800200                PROVIDE (__data_start, .)
 *(.data)
 .data          0x00800200        0x0 c:/program files (x86)/atmel/atmel toolchain/avr8 gcc/native/3.4.1056/avr8-gnu-toolchain/bin/../lib/gcc/avr/4.8.1/../../../../avr/lib/avr51/crtm1280.o
 .data          0x00800200        0x0 FPGA.o
 .data          0x00800200        0x0 IntelHex.o
 .data          0x00800200        0x0 ProgramDriver.o
 .data          0x00800200        0x0 ParallelProgram.o
 .data          0x00800200        0x0 Print/PrintDriver.o
 .data          0x00800200        0x0 Print/UARTStream.o
 .data          0x00800200        0x0 RAM/RAMDriver.o
 .data          0x00800200        0x0 SwitchingCircuitry.o
 .data          0x00800200        0x0 VoltageControlDriver.o
 .data          0x00800200        0x0 c:/program files (x86)/atmel/atmel toolchain/avr8 gcc/native/3.4.1056/avr8-gnu-toolchain/bin/../lib/gcc/avr/4.8.1/avr51\libgcc.a(_exit.o)
 .data          0x00800200        0x0 c:/program files (x86)/atmel/atmel toolchain/avr8 gcc/native/3.4.1056/avr8-gnu-toolchain/bin/../lib/gcc/avr/4.8.1/avr51\libgcc.a(_copy_data.o)
 .data          0x00800200        0x0 c:/program files (x86)/atmel/atmel toolchain/avr8 gcc/native/3.4.1056/avr8-gnu-toolchain/bin/../lib/gcc/avr/4.8.1/avr51\libgcc.a(_clear_bss.o)
 .data          0x00800200        0x0 c:/program files (x86)/atmel/atmel toolchain/avr8 gcc/native/3.4.1056/avr8-gnu-toolchain/bin/../lib/gcc/avr/4.8.1/../../../../avr/lib/avr51\libc.a(fputc.o)
 .data          0x00800200        0x0 c:/program files (x86)/atmel/atmel toolchain/avr8 gcc/native/3.4.1056/avr8-gnu-toolchain/bin/../lib/gcc/avr/4.8.1/../../../../avr/lib/avr51\libc.a(iob.o)
 .data          0x00800200        0x0 c:/program files (x86)/atmel/atmel toolchain/avr8 gcc/native/3.4.1056/avr8-gnu-toolchain/bin/../lib/gcc/avr/4.8.1/../../../../avr/lib/avr51\libc.a(printf.o)
 .data          0x00800200        0x0 c:/program files (x86)/atmel/atmel toolchain/avr8 gcc/native/3.4.1056/avr8-gnu-toolchain/bin/../lib/gcc/avr/4.8.1/../../../../avr/lib/avr51\libc.a(putchar.o)
 .data          0x00800200        0x0 c:/program files (x86)/atmel/atmel toolchain/avr8 gcc/native/3.4.1056/avr8-gnu-toolchain/bin/../lib/gcc/avr/4.8.1/../../../../avr/lib/avr51\libc.a(puts.o)
 .data          0x00800200        0x0 c:/program files (x86)/atmel/atmel toolchain/avr8 gcc/native/3.4.1056/avr8-gnu-toolchain/bin/../lib/gcc/avr/4.8.1/../../../../avr/lib/avr51\libc.a(vfprintf_std.o)
 .data          0x00800200        0x0 c:/program files (x86)/atmel/atmel toolchain/avr8 gcc/native/3.4.1056/avr8-gnu-toolchain/bin/../lib/gcc/avr/4.8.1/../../../../avr/lib/avr51\libc.a(strnlen_P.o)
 .data          0x00800200        0x0 c:/program files (x86)/atmel/atmel toolchain/avr8 gcc/native/3.4.1056/avr8-gnu-toolchain/bin/../lib/gcc/avr/4.8.1/../../../../avr/lib/avr51\libc.a(strnlen.o)
 .data          0x00800200        0x0 c:/program files (x86)/atmel/atmel toolchain/avr8 gcc/native/3.4.1056/avr8-gnu-toolchain/bin/../lib/gcc/avr/4.8.1/../../../../avr/lib/avr51\libc.a(ultoa_invert.o)
 *(.data*)
 .data.buffer   0x00800200       0x3c IntelHex.o
                0x00800200                buffer
 .data.uart_stream
                0x0080023c        0xe Print/PrintDriver.o
                0x0080023c                uart_stream
 *(.rodata)
 .rodata        0x0080024a        0x5 SwitchingCircuitry.o
 *(.rodata*)
 .rodata.str1.1
                0x0080024f        0x8 IntelHex.o
 .rodata.str1.1
                0x00000000        0x8 ParallelProgram.o
                                  0x2 (size before relaxing)
 .rodata.str1.1
                0x00800257       0x1c RAM/RAMDriver.o
                                 0x24 (size before relaxing)
 *(.gnu.linkonce.d*)
                0x00800274                . = ALIGN (0x2)
 *fill*         0x00800273        0x1 
                0x00800274                _edata = .
                0x00800274                PROVIDE (__data_end, .)

.bss            0x00800274       0x5b
                0x00800274                PROVIDE (__bss_start, .)
 *(.bss)
 *(.bss*)
 .bss.SignatureBytes.1849
                0x00800274        0x3 ProgramDriver.o
 *(COMMON)
 COMMON         0x00800277       0x34 IntelHex.o
                0x00800277                hexRow
                0x008002a9                RAMOffset
 COMMON         0x008002ab       0x1e SwitchingCircuitry.o
                0x008002ab                ShiftRegData
 COMMON         0x008002c9        0x6 c:/program files (x86)/atmel/atmel toolchain/avr8 gcc/native/3.4.1056/avr8-gnu-toolchain/bin/../lib/gcc/avr/4.8.1/../../../../avr/lib/avr51\libc.a(iob.o)
                0x008002c9                __iob
                0x008002cf                PROVIDE (__bss_end, .)
                0x00000f7c                __data_load_start = LOADADDR (.data)
                0x00000ff0                __data_load_end = (__data_load_start + SIZEOF (.data))

.noinit         0x008002cf        0x0
                0x008002cf                PROVIDE (__noinit_start, .)
 *(.noinit*)
                0x008002cf                PROVIDE (__noinit_end, .)
                0x008002cf                _end = .
                0x008002cf                PROVIDE (__heap_start, .)

.eeprom         0x00810000        0x0
 *(.eeprom*)
                0x00810000                __eeprom_end = .

.fuse
 *(.fuse)
 *(.lfuse)
 *(.hfuse)
 *(.efuse)

.lock
 *(.lock*)

.signature
 *(.signature*)

.user_signatures
 *(.user_signatures*)

.stab
 *(.stab)

.stabstr
 *(.stabstr)

.stab.excl
 *(.stab.excl)

.stab.exclstr
 *(.stab.exclstr)

.stab.index
 *(.stab.index)

.stab.indexstr
 *(.stab.indexstr)

.comment        0x00000000       0x5c
 *(.comment)
 .comment       0x00000000       0x30 FPGA.o
                                 0x31 (size before relaxing)
 .comment       0x00000000       0x31 IntelHex.o
 .comment       0x00000000       0x31 ProgramDriver.o
 .comment       0x00000000       0x31 ParallelProgram.o
 .comment       0x00000000       0x31 Print/PrintDriver.o
 .comment       0x00000000       0x31 Print/UARTStream.o
 .comment       0x00000000       0x31 RAM/RAMDriver.o
 .comment       0x00000000       0x31 SwitchingCircuitry.o
 .comment       0x00000000       0x31 VoltageControlDriver.o
 .comment       0x00000000       0x31 c:/program files (x86)/atmel/atmel toolchain/avr8 gcc/native/3.4.1056/avr8-gnu-toolchain/bin/../lib/gcc/avr/4.8.1/../../../../avr/lib/avr51\libc.a(fputc.o)
 .comment       0x00000000       0x31 c:/program files (x86)/atmel/atmel toolchain/avr8 gcc/native/3.4.1056/avr8-gnu-toolchain/bin/../lib/gcc/avr/4.8.1/../../../../avr/lib/avr51\libc.a(iob.o)
 .comment       0x00000000       0x31 c:/program files (x86)/atmel/atmel toolchain/avr8 gcc/native/3.4.1056/avr8-gnu-toolchain/bin/../lib/gcc/avr/4.8.1/../../../../avr/lib/avr51\libc.a(printf.o)
 .comment       0x00000000       0x31 c:/program files (x86)/atmel/atmel toolchain/avr8 gcc/native/3.4.1056/avr8-gnu-toolchain/bin/../lib/gcc/avr/4.8.1/../../../../avr/lib/avr51\libc.a(putchar.o)
 .comment       0x00000000       0x31 c:/program files (x86)/atmel/atmel toolchain/avr8 gcc/native/3.4.1056/avr8-gnu-toolchain/bin/../lib/gcc/avr/4.8.1/../../../../avr/lib/avr51\libc.a(puts.o)
 .comment       0x00000030       0x2c c:/program files (x86)/atmel/atmel toolchain/avr8 gcc/native/3.4.1056/avr8-gnu-toolchain/bin/../lib/gcc/avr/4.8.1/../../../../avr/lib/avr51\libc.a(vfprintf_std.o)
                                 0x2d (size before relaxing)

.note.gnu.build-id
 *(.note.gnu.build-id)

.debug
 *(.debug)

.line
 *(.line)

.debug_srcinfo
 *(.debug_srcinfo)

.debug_sfnames
 *(.debug_sfnames)

.debug_aranges  0x00000000      0x2d8
 *(.debug_aranges)
 .debug_aranges
                0x00000000       0x28 FPGA.o
 .debug_aranges
                0x00000028       0x30 IntelHex.o
 .debug_aranges
                0x00000058       0x90 ProgramDriver.o
 .debug_aranges
                0x000000e8       0x20 ParallelProgram.o
 .debug_aranges
                0x00000108       0x60 Print/PrintDriver.o
 .debug_aranges
                0x00000168       0x18 Print/UARTStream.o
 .debug_aranges
                0x00000180       0x80 RAM/RAMDriver.o
 .debug_aranges
                0x00000200       0x58 SwitchingCircuitry.o
 .debug_aranges
                0x00000258       0x80 VoltageControlDriver.o

.debug_pubnames
 *(.debug_pubnames)

.debug_info     0x00000000     0x2a42
 *(.debug_info .gnu.linkonce.wi.*)
 .debug_info    0x00000000       0xbb FPGA.o
 .debug_info    0x000000bb      0x29b IntelHex.o
 .debug_info    0x00000356     0x14d0 ProgramDriver.o
 .debug_info    0x00001826      0x21b ParallelProgram.o
 .debug_info    0x00001a41      0x497 Print/PrintDriver.o
 .debug_info    0x00001ed8       0x5d Print/UARTStream.o
 .debug_info    0x00001f35      0x4c8 RAM/RAMDriver.o
 .debug_info    0x000023fd      0x479 SwitchingCircuitry.o
 .debug_info    0x00002876      0x1cc VoltageControlDriver.o

.debug_abbrev   0x00000000      0xb9a
 *(.debug_abbrev)
 .debug_abbrev  0x00000000       0x91 FPGA.o
 .debug_abbrev  0x00000091      0x161 IntelHex.o
 .debug_abbrev  0x000001f2      0x2df ProgramDriver.o
 .debug_abbrev  0x000004d1      0x100 ParallelProgram.o
 .debug_abbrev  0x000005d1      0x1e3 Print/PrintDriver.o
 .debug_abbrev  0x000007b4       0x26 Print/UARTStream.o
 .debug_abbrev  0x000007da      0x17c RAM/RAMDriver.o
 .debug_abbrev  0x00000956      0x1b0 SwitchingCircuitry.o
 .debug_abbrev  0x00000b06       0x94 VoltageControlDriver.o

.debug_line     0x00000000     0x1a97
 *(.debug_line .debug_line.* .debug_line_end)
 .debug_line    0x00000000       0xf4 FPGA.o
 .debug_line    0x000000f4      0x18a IntelHex.o
 .debug_line    0x0000027e      0xa4c ProgramDriver.o
 .debug_line    0x00000cca      0x15a ParallelProgram.o
 .debug_line    0x00000e24      0x27c Print/PrintDriver.o
 .debug_line    0x000010a0       0x1a Print/UARTStream.o
 .debug_line    0x000010ba      0x3f7 RAM/RAMDriver.o
 .debug_line    0x000014b1      0x3e3 SwitchingCircuitry.o
 .debug_line    0x00001894      0x203 VoltageControlDriver.o

.debug_frame    0x00000000      0x6e4
 *(.debug_frame)
 .debug_frame   0x00000000       0x34 FPGA.o
 .debug_frame   0x00000034       0x88 IntelHex.o
 .debug_frame   0x000000bc      0x1c0 ProgramDriver.o
 .debug_frame   0x0000027c       0x24 ParallelProgram.o
 .debug_frame   0x000002a0       0xdc Print/PrintDriver.o
 .debug_frame   0x0000037c      0x19c RAM/RAMDriver.o
 .debug_frame   0x00000518       0xe8 SwitchingCircuitry.o
 .debug_frame   0x00000600       0xe4 VoltageControlDriver.o

.debug_str      0x00000000      0x718
 *(.debug_str)
 .debug_str     0x00000000      0x15b FPGA.o
                                0x18f (size before relaxing)
 .debug_str     0x0000015b       0x9f IntelHex.o
                                0x209 (size before relaxing)
 .debug_str     0x000001fa      0x28c ProgramDriver.o
                                0x452 (size before relaxing)
 .debug_str     0x00000486       0x48 ParallelProgram.o
                                0x237 (size before relaxing)
 .debug_str     0x000004ce       0xc1 Print/PrintDriver.o
                                0x235 (size before relaxing)
 .debug_str     0x0000058f       0x16 Print/UARTStream.o
                                0x170 (size before relaxing)
 .debug_str     0x000005a5       0xaf RAM/RAMDriver.o
                                0x265 (size before relaxing)
 .debug_str     0x00000654       0x7d SwitchingCircuitry.o
                                0x2a6 (size before relaxing)
 .debug_str     0x000006d1       0x47 VoltageControlDriver.o
                                0x23d (size before relaxing)

.debug_loc      0x00000000     0x1073
 *(.debug_loc)
 .debug_loc     0x00000000      0x200 IntelHex.o
 .debug_loc     0x00000200      0x471 ProgramDriver.o
 .debug_loc     0x00000671      0x22e Print/PrintDriver.o
 .debug_loc     0x0000089f      0x559 RAM/RAMDriver.o
 .debug_loc     0x00000df8      0x218 SwitchingCircuitry.o
 .debug_loc     0x00001010       0x63 VoltageControlDriver.o

.debug_macinfo
 *(.debug_macinfo)

.debug_weaknames
 *(.debug_weaknames)

.debug_funcnames
 *(.debug_funcnames)

.debug_typenames
 *(.debug_typenames)

.debug_varnames
 *(.debug_varnames)

.debug_pubtypes
 *(.debug_pubtypes)

.debug_ranges   0x00000000      0x258
 *(.debug_ranges)
 .debug_ranges  0x00000000       0x18 FPGA.o
 .debug_ranges  0x00000018       0x20 IntelHex.o
 .debug_ranges  0x00000038       0x98 ProgramDriver.o
 .debug_ranges  0x000000d0       0x10 ParallelProgram.o
 .debug_ranges  0x000000e0       0x50 Print/PrintDriver.o
 .debug_ranges  0x00000130       0x70 RAM/RAMDriver.o
 .debug_ranges  0x000001a0       0x48 SwitchingCircuitry.o
 .debug_ranges  0x000001e8       0x70 VoltageControlDriver.o

.debug_macro
 *(.debug_macro)
OUTPUT(ParallelProgram.elf elf32-avr)
LOAD linker stubs
