Archive member included because of file (symbol)

c:/program files (x86)/atmel/atmel toolchain/avr8 gcc/native/3.4.1056/avr8-gnu-toolchain/bin/../lib/gcc/avr/4.8.1/avr51\libgcc.a(_exit.o)
                              c:/program files (x86)/atmel/atmel toolchain/avr8 gcc/native/3.4.1056/avr8-gnu-toolchain/bin/../lib/gcc/avr/4.8.1/../../../../avr/lib/avr51/crtm1280.o (exit)
c:/program files (x86)/atmel/atmel toolchain/avr8 gcc/native/3.4.1056/avr8-gnu-toolchain/bin/../lib/gcc/avr/4.8.1/avr51\libgcc.a(_copy_data.o)
                              ClientController.o (__do_copy_data)
c:/program files (x86)/atmel/atmel toolchain/avr8 gcc/native/3.4.1056/avr8-gnu-toolchain/bin/../lib/gcc/avr/4.8.1/avr51\libgcc.a(_clear_bss.o)
                              ClientController.o (__do_clear_bss)
c:/program files (x86)/atmel/atmel toolchain/avr8 gcc/native/3.4.1056/avr8-gnu-toolchain/bin/../lib/gcc/avr/4.8.1/avr51\libgcc.a(_umulhisi3.o)
                              Ethernet/EthernetDriver.o (__umulhisi3)
c:/program files (x86)/atmel/atmel toolchain/avr8 gcc/native/3.4.1056/avr8-gnu-toolchain/bin/../lib/gcc/avr/4.8.1/../../../../avr/lib/avr51\libc.a(strcat.o)
                              Ethernet/Ethernet.o (strcat)
c:/program files (x86)/atmel/atmel toolchain/avr8 gcc/native/3.4.1056/avr8-gnu-toolchain/bin/../lib/gcc/avr/4.8.1/../../../../avr/lib/avr51\libc.a(strcpy.o)
                              Ethernet/Ethernet.o (strcpy)
c:/program files (x86)/atmel/atmel toolchain/avr8 gcc/native/3.4.1056/avr8-gnu-toolchain/bin/../lib/gcc/avr/4.8.1/../../../../avr/lib/avr51\libc.a(fputc.o)
                              Print/PrintDriver.o (fputc)
c:/program files (x86)/atmel/atmel toolchain/avr8 gcc/native/3.4.1056/avr8-gnu-toolchain/bin/../lib/gcc/avr/4.8.1/../../../../avr/lib/avr51\libc.a(iob.o)
                              Print/PrintDriver.o (__iob)
c:/program files (x86)/atmel/atmel toolchain/avr8 gcc/native/3.4.1056/avr8-gnu-toolchain/bin/../lib/gcc/avr/4.8.1/../../../../avr/lib/avr51\libc.a(printf.o)
                              ClientController.o (printf)
c:/program files (x86)/atmel/atmel toolchain/avr8 gcc/native/3.4.1056/avr8-gnu-toolchain/bin/../lib/gcc/avr/4.8.1/../../../../avr/lib/avr51\libc.a(putchar.o)
                              ClientController.o (putchar)
c:/program files (x86)/atmel/atmel toolchain/avr8 gcc/native/3.4.1056/avr8-gnu-toolchain/bin/../lib/gcc/avr/4.8.1/../../../../avr/lib/avr51\libc.a(puts.o)
                              ClientController.o (puts)
c:/program files (x86)/atmel/atmel toolchain/avr8 gcc/native/3.4.1056/avr8-gnu-toolchain/bin/../lib/gcc/avr/4.8.1/../../../../avr/lib/avr51\libc.a(vfprintf_std.o)
                              c:/program files (x86)/atmel/atmel toolchain/avr8 gcc/native/3.4.1056/avr8-gnu-toolchain/bin/../lib/gcc/avr/4.8.1/../../../../avr/lib/avr51\libc.a(printf.o) (vfprintf)
c:/program files (x86)/atmel/atmel toolchain/avr8 gcc/native/3.4.1056/avr8-gnu-toolchain/bin/../lib/gcc/avr/4.8.1/../../../../avr/lib/avr51\libc.a(strnlen_P.o)
                              c:/program files (x86)/atmel/atmel toolchain/avr8 gcc/native/3.4.1056/avr8-gnu-toolchain/bin/../lib/gcc/avr/4.8.1/../../../../avr/lib/avr51\libc.a(vfprintf_std.o) (strnlen_P)
c:/program files (x86)/atmel/atmel toolchain/avr8 gcc/native/3.4.1056/avr8-gnu-toolchain/bin/../lib/gcc/avr/4.8.1/../../../../avr/lib/avr51\libc.a(strnlen.o)
                              c:/program files (x86)/atmel/atmel toolchain/avr8 gcc/native/3.4.1056/avr8-gnu-toolchain/bin/../lib/gcc/avr/4.8.1/../../../../avr/lib/avr51\libc.a(vfprintf_std.o) (strnlen)
c:/program files (x86)/atmel/atmel toolchain/avr8 gcc/native/3.4.1056/avr8-gnu-toolchain/bin/../lib/gcc/avr/4.8.1/../../../../avr/lib/avr51\libc.a(ultoa_invert.o)
                              c:/program files (x86)/atmel/atmel toolchain/avr8 gcc/native/3.4.1056/avr8-gnu-toolchain/bin/../lib/gcc/avr/4.8.1/../../../../avr/lib/avr51\libc.a(vfprintf_std.o) (__ultoa_invert)

Allocating common symbols
Common symbol       size              file

filepath            0x64              ClientController.o
endHeaderFlag       0x1               Wifi/WifiDriver.o
S0_TX_MASK          0x2               Ethernet/EthernetDriver.o
multiReceiveFlag    0x1               Wifi/WifiDriver.o
headerBuffer        0x9               Wifi/WifiDriver.o
S0_TX_BASE          0x2               Ethernet/EthernetDriver.o
buff                0x1               Wifi/WifiDriver.o
compressBuff        0x1               Wifi/WifiDriver.o
httpBuff            0x96              Ethernet/Ethernet.o
testPrint           0x2               Wifi/WifiDriver.o
i                   0x2               Wifi/WifiDriver.o
secondNibble        0x1               Wifi/WifiDriver.o
S0_RX_BASE          0x2               Ethernet/EthernetDriver.o
compressFlag        0x1               Wifi/WifiDriver.o
transLength         0x2               Wifi/WifiDriver.o
RAMAddress          0x4               Wifi/WifiDriver.o
Flags               0x5               ClientController.o
S0_RX_MASK          0x2               Ethernet/EthernetDriver.o
bufferStart         0x2               Wifi/WifiDriver.o
__iob               0x6               c:/program files (x86)/atmel/atmel toolchain/avr8 gcc/native/3.4.1056/avr8-gnu-toolchain/bin/../lib/gcc/avr/4.8.1/../../../../avr/lib/avr51\libc.a(iob.o)
receiveWifiFlag     0x1               Wifi/WifiDriver.o
fullCommand         0x64              Wifi/WifiDriver.o

Discarded input sections

 .bss           0x00000000        0x0 c:/program files (x86)/atmel/atmel toolchain/avr8 gcc/native/3.4.1056/avr8-gnu-toolchain/bin/../lib/gcc/avr/4.8.1/../../../../avr/lib/avr51/crtm1280.o
 .text          0x00000000        0x0 ClientController.o
 .bss           0x00000000        0x0 ClientController.o
 .text.flagInit
                0x00000000       0x16 ClientController.o
 .text.pollingInit
                0x00000000       0x1a ClientController.o
 .text.checkNetworkStatus
                0x00000000        0x2 ClientController.o
 .text.sendAvailableNetworks
                0x00000000       0xf8 ClientController.o
 .text          0x00000000        0x0 Communications.o
 .bss           0x00000000        0x0 Communications.o
 .text          0x00000000        0x0 Ethernet/Ethernet.o
 .bss           0x00000000        0x0 Ethernet/Ethernet.o
 .text.ethernetInit
                0x00000000       0x30 Ethernet/Ethernet.o
 .text.sendRequestEthernet
                0x00000000        0x2 Ethernet/Ethernet.o
 .data.source_port
                0x00000000        0x2 Ethernet/Ethernet.o
 .data.server_port
                0x00000000        0x2 Ethernet/Ethernet.o
 .data.server_ip_addr
                0x00000000        0x4 Ethernet/Ethernet.o
 .data.gtw_addr
                0x00000000        0x4 Ethernet/Ethernet.o
 .data.sub_mask
                0x00000000        0x4 Ethernet/Ethernet.o
 .data.local_ip_addr
                0x00000000        0x4 Ethernet/Ethernet.o
 .data.mac_addr
                0x00000000        0x6 Ethernet/Ethernet.o
 .text          0x00000000        0x0 Ethernet/EthernetDriver.o
 .bss           0x00000000        0x0 Ethernet/EthernetDriver.o
 .text.NetworkSetup
                0x00000000      0x372 Ethernet/EthernetDriver.o
 .text.MemoryInit
                0x00000000       0x42 Ethernet/EthernetDriver.o
 .text.ReceiveSize
                0x00000000       0x28 Ethernet/EthernetDriver.o
 .text.SocketDisconnect
                0x00000000       0x14 Ethernet/EthernetDriver.o
 .text.EnableEthernetInterrupt
                0x00000000       0x16 Ethernet/EthernetDriver.o
 .text.ResolveIP
                0x00000000        0xe Ethernet/EthernetDriver.o
 .text.getReceiveFlag
                0x00000000        0xa Ethernet/EthernetDriver.o
 .bss.receiveFlag
                0x00000000        0x2 Ethernet/EthernetDriver.o
 .text          0x00000000        0x0 Print/PrintDriver.o
 .bss           0x00000000        0x0 Print/PrintDriver.o
 .text.uart_flush
                0x00000000       0x1a Print/PrintDriver.o
 .text.uart_putch
                0x00000000       0x24 Print/PrintDriver.o
 .text.uart_getch
                0x00000000       0x20 Print/PrintDriver.o
 .text.ansi_cl  0x00000000       0x56 Print/PrintDriver.o
 .text.ansi_me  0x00000000       0x3e Print/PrintDriver.o
 .text.UARTStream_Init
                0x00000000       0x38 Print/PrintDriver.o
 .text          0x00000000        0x0 RAM/RAMDriver.o
 .bss           0x00000000        0x0 RAM/RAMDriver.o
 .text.setSPIClockDiv
                0x00000000        0x6 RAM/RAMDriver.o
 .text.getRAMStatus
                0x00000000       0x1c RAM/RAMDriver.o
 .text.RAMWrite
                0x00000000       0x8a RAM/RAMDriver.o
 .text.RAMRead  0x00000000       0x68 RAM/RAMDriver.o
 .text          0x00000000        0x0 Wifi/Wifi.o
 .bss           0x00000000        0x0 Wifi/Wifi.o
 .text.setHumanMode
                0x00000000       0x3e Wifi/Wifi.o
 .text.networkConnect
                0x00000000       0x44 Wifi/Wifi.o
 .text.serverConnect
                0x00000000       0x42 Wifi/Wifi.o
 .text.networkQueryString
                0x00000000       0xd6 Wifi/Wifi.o
 .text          0x00000000        0x0 Wifi/WifiDriver.o
 .bss           0x00000000        0x0 Wifi/WifiDriver.o
 .text.setTestPrint
                0x00000000        0xa Wifi/WifiDriver.o
 .text.setMultiReceiveFlag
                0x00000000        0x6 Wifi/WifiDriver.o
 .text.getStringLen
                0x00000000       0x1e Wifi/WifiDriver.o
 .text.uart_receive
                0x00000000       0x98 Wifi/WifiDriver.o
 .text.getReceiveBuffer
                0x00000000       0x1e Wifi/WifiDriver.o
 .text.errorCheck
                0x00000000       0x2a Wifi/WifiDriver.o
 .text          0x00000000        0x0 c:/program files (x86)/atmel/atmel toolchain/avr8 gcc/native/3.4.1056/avr8-gnu-toolchain/bin/../lib/gcc/avr/4.8.1/avr51\libgcc.a(_exit.o)
 .bss           0x00000000        0x0 c:/program files (x86)/atmel/atmel toolchain/avr8 gcc/native/3.4.1056/avr8-gnu-toolchain/bin/../lib/gcc/avr/4.8.1/avr51\libgcc.a(_exit.o)
 .text.libgcc.mul
                0x00000000        0x0 c:/program files (x86)/atmel/atmel toolchain/avr8 gcc/native/3.4.1056/avr8-gnu-toolchain/bin/../lib/gcc/avr/4.8.1/avr51\libgcc.a(_exit.o)
 .text.libgcc.div
                0x00000000        0x0 c:/program files (x86)/atmel/atmel toolchain/avr8 gcc/native/3.4.1056/avr8-gnu-toolchain/bin/../lib/gcc/avr/4.8.1/avr51\libgcc.a(_exit.o)
 .text.libgcc   0x00000000        0x0 c:/program files (x86)/atmel/atmel toolchain/avr8 gcc/native/3.4.1056/avr8-gnu-toolchain/bin/../lib/gcc/avr/4.8.1/avr51\libgcc.a(_exit.o)
 .text.libgcc.prologue
                0x00000000        0x0 c:/program files (x86)/atmel/atmel toolchain/avr8 gcc/native/3.4.1056/avr8-gnu-toolchain/bin/../lib/gcc/avr/4.8.1/avr51\libgcc.a(_exit.o)
 .text.libgcc.builtins
                0x00000000        0x0 c:/program files (x86)/atmel/atmel toolchain/avr8 gcc/native/3.4.1056/avr8-gnu-toolchain/bin/../lib/gcc/avr/4.8.1/avr51\libgcc.a(_exit.o)
 .text.libgcc.fmul
                0x00000000        0x0 c:/program files (x86)/atmel/atmel toolchain/avr8 gcc/native/3.4.1056/avr8-gnu-toolchain/bin/../lib/gcc/avr/4.8.1/avr51\libgcc.a(_exit.o)
 .text.libgcc.fixed
                0x00000000        0x0 c:/program files (x86)/atmel/atmel toolchain/avr8 gcc/native/3.4.1056/avr8-gnu-toolchain/bin/../lib/gcc/avr/4.8.1/avr51\libgcc.a(_exit.o)
 .text          0x00000000        0x0 c:/program files (x86)/atmel/atmel toolchain/avr8 gcc/native/3.4.1056/avr8-gnu-toolchain/bin/../lib/gcc/avr/4.8.1/avr51\libgcc.a(_copy_data.o)
 .bss           0x00000000        0x0 c:/program files (x86)/atmel/atmel toolchain/avr8 gcc/native/3.4.1056/avr8-gnu-toolchain/bin/../lib/gcc/avr/4.8.1/avr51\libgcc.a(_copy_data.o)
 .text.libgcc.mul
                0x00000000        0x0 c:/program files (x86)/atmel/atmel toolchain/avr8 gcc/native/3.4.1056/avr8-gnu-toolchain/bin/../lib/gcc/avr/4.8.1/avr51\libgcc.a(_copy_data.o)
 .text.libgcc.div
                0x00000000        0x0 c:/program files (x86)/atmel/atmel toolchain/avr8 gcc/native/3.4.1056/avr8-gnu-toolchain/bin/../lib/gcc/avr/4.8.1/avr51\libgcc.a(_copy_data.o)
 .text.libgcc   0x00000000        0x0 c:/program files (x86)/atmel/atmel toolchain/avr8 gcc/native/3.4.1056/avr8-gnu-toolchain/bin/../lib/gcc/avr/4.8.1/avr51\libgcc.a(_copy_data.o)
 .text.libgcc.prologue
                0x00000000        0x0 c:/program files (x86)/atmel/atmel toolchain/avr8 gcc/native/3.4.1056/avr8-gnu-toolchain/bin/../lib/gcc/avr/4.8.1/avr51\libgcc.a(_copy_data.o)
 .text.libgcc.builtins
                0x00000000        0x0 c:/program files (x86)/atmel/atmel toolchain/avr8 gcc/native/3.4.1056/avr8-gnu-toolchain/bin/../lib/gcc/avr/4.8.1/avr51\libgcc.a(_copy_data.o)
 .text.libgcc.fmul
                0x00000000        0x0 c:/program files (x86)/atmel/atmel toolchain/avr8 gcc/native/3.4.1056/avr8-gnu-toolchain/bin/../lib/gcc/avr/4.8.1/avr51\libgcc.a(_copy_data.o)
 .text.libgcc.fixed
                0x00000000        0x0 c:/program files (x86)/atmel/atmel toolchain/avr8 gcc/native/3.4.1056/avr8-gnu-toolchain/bin/../lib/gcc/avr/4.8.1/avr51\libgcc.a(_copy_data.o)
 .text          0x00000000        0x0 c:/program files (x86)/atmel/atmel toolchain/avr8 gcc/native/3.4.1056/avr8-gnu-toolchain/bin/../lib/gcc/avr/4.8.1/avr51\libgcc.a(_clear_bss.o)
 .bss           0x00000000        0x0 c:/program files (x86)/atmel/atmel toolchain/avr8 gcc/native/3.4.1056/avr8-gnu-toolchain/bin/../lib/gcc/avr/4.8.1/avr51\libgcc.a(_clear_bss.o)
 .text.libgcc.mul
                0x00000000        0x0 c:/program files (x86)/atmel/atmel toolchain/avr8 gcc/native/3.4.1056/avr8-gnu-toolchain/bin/../lib/gcc/avr/4.8.1/avr51\libgcc.a(_clear_bss.o)
 .text.libgcc.div
                0x00000000        0x0 c:/program files (x86)/atmel/atmel toolchain/avr8 gcc/native/3.4.1056/avr8-gnu-toolchain/bin/../lib/gcc/avr/4.8.1/avr51\libgcc.a(_clear_bss.o)
 .text.libgcc   0x00000000        0x0 c:/program files (x86)/atmel/atmel toolchain/avr8 gcc/native/3.4.1056/avr8-gnu-toolchain/bin/../lib/gcc/avr/4.8.1/avr51\libgcc.a(_clear_bss.o)
 .text.libgcc.prologue
                0x00000000        0x0 c:/program files (x86)/atmel/atmel toolchain/avr8 gcc/native/3.4.1056/avr8-gnu-toolchain/bin/../lib/gcc/avr/4.8.1/avr51\libgcc.a(_clear_bss.o)
 .text.libgcc.builtins
                0x00000000        0x0 c:/program files (x86)/atmel/atmel toolchain/avr8 gcc/native/3.4.1056/avr8-gnu-toolchain/bin/../lib/gcc/avr/4.8.1/avr51\libgcc.a(_clear_bss.o)
 .text.libgcc.fmul
                0x00000000        0x0 c:/program files (x86)/atmel/atmel toolchain/avr8 gcc/native/3.4.1056/avr8-gnu-toolchain/bin/../lib/gcc/avr/4.8.1/avr51\libgcc.a(_clear_bss.o)
 .text.libgcc.fixed
                0x00000000        0x0 c:/program files (x86)/atmel/atmel toolchain/avr8 gcc/native/3.4.1056/avr8-gnu-toolchain/bin/../lib/gcc/avr/4.8.1/avr51\libgcc.a(_clear_bss.o)
 .text          0x00000000        0x0 c:/program files (x86)/atmel/atmel toolchain/avr8 gcc/native/3.4.1056/avr8-gnu-toolchain/bin/../lib/gcc/avr/4.8.1/avr51\libgcc.a(_umulhisi3.o)
 .bss           0x00000000        0x0 c:/program files (x86)/atmel/atmel toolchain/avr8 gcc/native/3.4.1056/avr8-gnu-toolchain/bin/../lib/gcc/avr/4.8.1/avr51\libgcc.a(_umulhisi3.o)
 .text.libgcc.div
                0x00000000        0x0 c:/program files (x86)/atmel/atmel toolchain/avr8 gcc/native/3.4.1056/avr8-gnu-toolchain/bin/../lib/gcc/avr/4.8.1/avr51\libgcc.a(_umulhisi3.o)
 .text.libgcc   0x00000000        0x0 c:/program files (x86)/atmel/atmel toolchain/avr8 gcc/native/3.4.1056/avr8-gnu-toolchain/bin/../lib/gcc/avr/4.8.1/avr51\libgcc.a(_umulhisi3.o)
 .text.libgcc.prologue
                0x00000000        0x0 c:/program files (x86)/atmel/atmel toolchain/avr8 gcc/native/3.4.1056/avr8-gnu-toolchain/bin/../lib/gcc/avr/4.8.1/avr51\libgcc.a(_umulhisi3.o)
 .text.libgcc.builtins
                0x00000000        0x0 c:/program files (x86)/atmel/atmel toolchain/avr8 gcc/native/3.4.1056/avr8-gnu-toolchain/bin/../lib/gcc/avr/4.8.1/avr51\libgcc.a(_umulhisi3.o)
 .text.libgcc.fmul
                0x00000000        0x0 c:/program files (x86)/atmel/atmel toolchain/avr8 gcc/native/3.4.1056/avr8-gnu-toolchain/bin/../lib/gcc/avr/4.8.1/avr51\libgcc.a(_umulhisi3.o)
 .text.libgcc.fixed
                0x00000000        0x0 c:/program files (x86)/atmel/atmel toolchain/avr8 gcc/native/3.4.1056/avr8-gnu-toolchain/bin/../lib/gcc/avr/4.8.1/avr51\libgcc.a(_umulhisi3.o)
 .text          0x00000000        0x0 c:/program files (x86)/atmel/atmel toolchain/avr8 gcc/native/3.4.1056/avr8-gnu-toolchain/bin/../lib/gcc/avr/4.8.1/../../../../avr/lib/avr51\libc.a(strcat.o)
 .bss           0x00000000        0x0 c:/program files (x86)/atmel/atmel toolchain/avr8 gcc/native/3.4.1056/avr8-gnu-toolchain/bin/../lib/gcc/avr/4.8.1/../../../../avr/lib/avr51\libc.a(strcat.o)
 .text          0x00000000        0x0 c:/program files (x86)/atmel/atmel toolchain/avr8 gcc/native/3.4.1056/avr8-gnu-toolchain/bin/../lib/gcc/avr/4.8.1/../../../../avr/lib/avr51\libc.a(strcpy.o)
 .bss           0x00000000        0x0 c:/program files (x86)/atmel/atmel toolchain/avr8 gcc/native/3.4.1056/avr8-gnu-toolchain/bin/../lib/gcc/avr/4.8.1/../../../../avr/lib/avr51\libc.a(strcpy.o)
 .text          0x00000000        0x0 c:/program files (x86)/atmel/atmel toolchain/avr8 gcc/native/3.4.1056/avr8-gnu-toolchain/bin/../lib/gcc/avr/4.8.1/../../../../avr/lib/avr51\libc.a(fputc.o)
 .bss           0x00000000        0x0 c:/program files (x86)/atmel/atmel toolchain/avr8 gcc/native/3.4.1056/avr8-gnu-toolchain/bin/../lib/gcc/avr/4.8.1/../../../../avr/lib/avr51\libc.a(fputc.o)
 .text          0x00000000        0x0 c:/program files (x86)/atmel/atmel toolchain/avr8 gcc/native/3.4.1056/avr8-gnu-toolchain/bin/../lib/gcc/avr/4.8.1/../../../../avr/lib/avr51\libc.a(iob.o)
 .bss           0x00000000        0x0 c:/program files (x86)/atmel/atmel toolchain/avr8 gcc/native/3.4.1056/avr8-gnu-toolchain/bin/../lib/gcc/avr/4.8.1/../../../../avr/lib/avr51\libc.a(iob.o)
 .text          0x00000000        0x0 c:/program files (x86)/atmel/atmel toolchain/avr8 gcc/native/3.4.1056/avr8-gnu-toolchain/bin/../lib/gcc/avr/4.8.1/../../../../avr/lib/avr51\libc.a(printf.o)
 .bss           0x00000000        0x0 c:/program files (x86)/atmel/atmel toolchain/avr8 gcc/native/3.4.1056/avr8-gnu-toolchain/bin/../lib/gcc/avr/4.8.1/../../../../avr/lib/avr51\libc.a(printf.o)
 .text          0x00000000        0x0 c:/program files (x86)/atmel/atmel toolchain/avr8 gcc/native/3.4.1056/avr8-gnu-toolchain/bin/../lib/gcc/avr/4.8.1/../../../../avr/lib/avr51\libc.a(putchar.o)
 .bss           0x00000000        0x0 c:/program files (x86)/atmel/atmel toolchain/avr8 gcc/native/3.4.1056/avr8-gnu-toolchain/bin/../lib/gcc/avr/4.8.1/../../../../avr/lib/avr51\libc.a(putchar.o)
 .text          0x00000000        0x0 c:/program files (x86)/atmel/atmel toolchain/avr8 gcc/native/3.4.1056/avr8-gnu-toolchain/bin/../lib/gcc/avr/4.8.1/../../../../avr/lib/avr51\libc.a(puts.o)
 .bss           0x00000000        0x0 c:/program files (x86)/atmel/atmel toolchain/avr8 gcc/native/3.4.1056/avr8-gnu-toolchain/bin/../lib/gcc/avr/4.8.1/../../../../avr/lib/avr51\libc.a(puts.o)
 .text          0x00000000        0x0 c:/program files (x86)/atmel/atmel toolchain/avr8 gcc/native/3.4.1056/avr8-gnu-toolchain/bin/../lib/gcc/avr/4.8.1/../../../../avr/lib/avr51\libc.a(vfprintf_std.o)
 .bss           0x00000000        0x0 c:/program files (x86)/atmel/atmel toolchain/avr8 gcc/native/3.4.1056/avr8-gnu-toolchain/bin/../lib/gcc/avr/4.8.1/../../../../avr/lib/avr51\libc.a(vfprintf_std.o)
 .text          0x00000000        0x0 c:/program files (x86)/atmel/atmel toolchain/avr8 gcc/native/3.4.1056/avr8-gnu-toolchain/bin/../lib/gcc/avr/4.8.1/../../../../avr/lib/avr51\libc.a(strnlen_P.o)
 .bss           0x00000000        0x0 c:/program files (x86)/atmel/atmel toolchain/avr8 gcc/native/3.4.1056/avr8-gnu-toolchain/bin/../lib/gcc/avr/4.8.1/../../../../avr/lib/avr51\libc.a(strnlen_P.o)
 .text          0x00000000        0x0 c:/program files (x86)/atmel/atmel toolchain/avr8 gcc/native/3.4.1056/avr8-gnu-toolchain/bin/../lib/gcc/avr/4.8.1/../../../../avr/lib/avr51\libc.a(strnlen.o)
 .bss           0x00000000        0x0 c:/program files (x86)/atmel/atmel toolchain/avr8 gcc/native/3.4.1056/avr8-gnu-toolchain/bin/../lib/gcc/avr/4.8.1/../../../../avr/lib/avr51\libc.a(strnlen.o)
 .text          0x00000000        0x0 c:/program files (x86)/atmel/atmel toolchain/avr8 gcc/native/3.4.1056/avr8-gnu-toolchain/bin/../lib/gcc/avr/4.8.1/../../../../avr/lib/avr51\libc.a(ultoa_invert.o)
 .bss           0x00000000        0x0 c:/program files (x86)/atmel/atmel toolchain/avr8 gcc/native/3.4.1056/avr8-gnu-toolchain/bin/../lib/gcc/avr/4.8.1/../../../../avr/lib/avr51\libc.a(ultoa_invert.o)

Memory Configuration

Name             Origin             Length             Attributes
text             0x00000000         0x00020000         xr
data             0x00800100         0x0000ff00         rw !x
eeprom           0x00810000         0x00010000         rw !x
fuse             0x00820000         0x00000400         rw !x
lock             0x00830000         0x00000400         rw !x
signature        0x00840000         0x00000400         rw !x
user_signatures  0x00850000         0x00000400         rw !x
*default*        0x00000000         0xffffffff

Linker script and memory map

Address of section .data set to 0x800200
LOAD c:/program files (x86)/atmel/atmel toolchain/avr8 gcc/native/3.4.1056/avr8-gnu-toolchain/bin/../lib/gcc/avr/4.8.1/../../../../avr/lib/avr51/crtm1280.o
LOAD ClientController.o
LOAD Communications.o
LOAD Ethernet/Ethernet.o
LOAD Ethernet/EthernetDriver.o
LOAD Print/PrintDriver.o
LOAD RAM/RAMDriver.o
LOAD Wifi/Wifi.o
LOAD Wifi/WifiDriver.o
START GROUP
LOAD c:/program files (x86)/atmel/atmel toolchain/avr8 gcc/native/3.4.1056/avr8-gnu-toolchain/bin/../lib/gcc/avr/4.8.1/../../../../avr/lib/avr51\libm.a
END GROUP
START GROUP
LOAD c:/program files (x86)/atmel/atmel toolchain/avr8 gcc/native/3.4.1056/avr8-gnu-toolchain/bin/../lib/gcc/avr/4.8.1/avr51\libgcc.a
LOAD c:/program files (x86)/atmel/atmel toolchain/avr8 gcc/native/3.4.1056/avr8-gnu-toolchain/bin/../lib/gcc/avr/4.8.1/../../../../avr/lib/avr51\libm.a
LOAD c:/program files (x86)/atmel/atmel toolchain/avr8 gcc/native/3.4.1056/avr8-gnu-toolchain/bin/../lib/gcc/avr/4.8.1/../../../../avr/lib/avr51\libc.a
END GROUP

.hash
 *(.hash)

.dynsym
 *(.dynsym)

.dynstr
 *(.dynstr)

.gnu.version
 *(.gnu.version)

.gnu.version_d
 *(.gnu.version_d)

.gnu.version_r
 *(.gnu.version_r)

.rel.init
 *(.rel.init)

.rela.init
 *(.rela.init)

.rel.text
 *(.rel.text)
 *(.rel.text.*)
 *(.rel.gnu.linkonce.t*)

.rela.text
 *(.rela.text)
 *(.rela.text.*)
 *(.rela.gnu.linkonce.t*)

.rel.fini
 *(.rel.fini)

.rela.fini
 *(.rela.fini)

.rel.rodata
 *(.rel.rodata)
 *(.rel.rodata.*)
 *(.rel.gnu.linkonce.r*)

.rela.rodata
 *(.rela.rodata)
 *(.rela.rodata.*)
 *(.rela.gnu.linkonce.r*)

.rel.data
 *(.rel.data)
 *(.rel.data.*)
 *(.rel.gnu.linkonce.d*)

.rela.data
 *(.rela.data)
 *(.rela.data.*)
 *(.rela.gnu.linkonce.d*)

.rel.ctors
 *(.rel.ctors)

.rela.ctors
 *(.rela.ctors)

.rel.dtors
 *(.rel.dtors)

.rela.dtors
 *(.rela.dtors)

.rel.got
 *(.rel.got)

.rela.got
 *(.rela.got)

.rel.bss
 *(.rel.bss)

.rela.bss
 *(.rela.bss)

.rel.plt
 *(.rel.plt)

.rela.plt
 *(.rela.plt)

.text           0x00000000     0x182a
 *(.vectors)
 .vectors       0x00000000       0xe4 c:/program files (x86)/atmel/atmel toolchain/avr8 gcc/native/3.4.1056/avr8-gnu-toolchain/bin/../lib/gcc/avr/4.8.1/../../../../avr/lib/avr51/crtm1280.o
                0x00000000                __vector_default
                0x00000000                __vectors
 *(.vectors)
 *(.progmem.gcc*)
                0x000000e4                . = ALIGN (0x2)
                0x000000e4                __trampolines_start = .
 *(.trampolines)
 .trampolines   0x000000e4        0x0 linker stubs
 *(.trampolines*)
                0x000000e4                __trampolines_end = .
 *(.progmem*)
                0x000000e4                . = ALIGN (0x2)
 *(.jumptables)
 *(.jumptables*)
 *(.lowtext)
 *(.lowtext*)
                0x000000e4                __ctors_start = .
 *(.ctors)
                0x000000e4                __ctors_end = .
                0x000000e4                __dtors_start = .
 *(.dtors)
                0x000000e4                __dtors_end = .
 SORT(*)(.ctors)
 SORT(*)(.dtors)
 *(.init0)
 .init0         0x000000e4        0x0 c:/program files (x86)/atmel/atmel toolchain/avr8 gcc/native/3.4.1056/avr8-gnu-toolchain/bin/../lib/gcc/avr/4.8.1/../../../../avr/lib/avr51/crtm1280.o
                0x000000e4                __init
 *(.init0)
 *(.init1)
 *(.init1)
 *(.init2)
 .init2         0x000000e4        0xc c:/program files (x86)/atmel/atmel toolchain/avr8 gcc/native/3.4.1056/avr8-gnu-toolchain/bin/../lib/gcc/avr/4.8.1/../../../../avr/lib/avr51/crtm1280.o
 *(.init2)
 *(.init3)
 *(.init3)
 *(.init4)
 .init4         0x000000f0       0x1a c:/program files (x86)/atmel/atmel toolchain/avr8 gcc/native/3.4.1056/avr8-gnu-toolchain/bin/../lib/gcc/avr/4.8.1/avr51\libgcc.a(_copy_data.o)
                0x000000f0                __do_copy_data
 .init4         0x0000010a       0x10 c:/program files (x86)/atmel/atmel toolchain/avr8 gcc/native/3.4.1056/avr8-gnu-toolchain/bin/../lib/gcc/avr/4.8.1/avr51\libgcc.a(_clear_bss.o)
                0x0000010a                __do_clear_bss
 *(.init4)
 *(.init5)
 *(.init5)
 *(.init6)
 *(.init6)
 *(.init7)
 *(.init7)
 *(.init8)
 *(.init8)
 *(.init9)
 .init9         0x0000011a        0x6 c:/program files (x86)/atmel/atmel toolchain/avr8 gcc/native/3.4.1056/avr8-gnu-toolchain/bin/../lib/gcc/avr/4.8.1/../../../../avr/lib/avr51/crtm1280.o
 *(.init9)
 *(.text)
 .text          0x00000120        0x2 c:/program files (x86)/atmel/atmel toolchain/avr8 gcc/native/3.4.1056/avr8-gnu-toolchain/bin/../lib/gcc/avr/4.8.1/../../../../avr/lib/avr51/crtm1280.o
                0x00000120                __vector_38
                0x00000120                __vector_22
                0x00000120                __vector_28
                0x00000120                __vector_1
                0x00000120                __vector_32
                0x00000120                __vector_34
                0x00000120                __vector_24
                0x00000120                __vector_12
                0x00000120                __vector_55
                0x00000120                __vector_46
                0x00000120                __bad_interrupt
                0x00000120                __vector_6
                0x00000120                __vector_31
                0x00000120                __vector_35
                0x00000120                __vector_39
                0x00000120                __vector_3
                0x00000120                __vector_23
                0x00000120                __vector_30
                0x00000120                __vector_45
                0x00000120                __vector_11
                0x00000120                __vector_54
                0x00000120                __vector_13
                0x00000120                __vector_17
                0x00000120                __vector_19
                0x00000120                __vector_56
                0x00000120                __vector_7
                0x00000120                __vector_49
                0x00000120                __vector_41
                0x00000120                __vector_43
                0x00000120                __vector_27
                0x00000120                __vector_5
                0x00000120                __vector_33
                0x00000120                __vector_47
                0x00000120                __vector_52
                0x00000120                __vector_37
                0x00000120                __vector_4
                0x00000120                __vector_44
                0x00000120                __vector_51
                0x00000120                __vector_9
                0x00000120                __vector_2
                0x00000120                __vector_21
                0x00000120                __vector_15
                0x00000120                __vector_36
                0x00000120                __vector_29
                0x00000120                __vector_40
                0x00000120                __vector_8
                0x00000120                __vector_26
                0x00000120                __vector_48
                0x00000120                __vector_14
                0x00000120                __vector_53
                0x00000120                __vector_10
                0x00000120                __vector_50
                0x00000120                __vector_16
                0x00000120                __vector_18
                0x00000120                __vector_42
                0x00000122                . = ALIGN (0x2)
 *(.text.*)
 .text.clearFlags
                0x00000122       0xf2 ClientController.o
                0x00000122                clearFlags
 .text.getHexFile
                0x00000214       0x76 ClientController.o
                0x00000214                getHexFile
 .text.getFlagStatus
                0x0000028a       0xaa ClientController.o
                0x0000028a                getFlagStatus
 .text.__vector_20
                0x00000334       0x60 ClientController.o
                0x00000334                __vector_20
 .text.main     0x00000394       0x28 Communications.o
                0x00000394                main
 .text.getFileEthernet
                0x000003bc       0xd0 Ethernet/Ethernet.o
                0x000003bc                getFileEthernet
 .text.updateFileEthernet
                0x0000048c       0x66 Ethernet/Ethernet.o
                0x0000048c                updateFileEthernet
 .text.SPI_EthernetWrite
                0x000004f2       0x28 Ethernet/EthernetDriver.o
                0x000004f2                SPI_EthernetWrite
 .text.SPI_EthernetRead
                0x0000051a       0x2a Ethernet/EthernetDriver.o
                0x0000051a                SPI_EthernetRead
 .text.Server_Connect
                0x00000544      0x15c Ethernet/EthernetDriver.o
                0x00000544                Server_Connect
 .text.SocketCommand
                0x000006a0        0xa Ethernet/EthernetDriver.o
                0x000006a0                SocketCommand
 .text.SendData
                0x000006aa      0x204 Ethernet/EthernetDriver.o
                0x000006aa                SendData
 .text.ReceiveData
                0x000008ae      0x13c Ethernet/EthernetDriver.o
                0x000008ae                ReceiveData
 .text.uart_sendStream
                0x000009ea       0x22 Print/PrintDriver.o
                0x000009ea                uart_sendStream
 .text.uart_receiveStream
                0x00000a0c       0x1e Print/PrintDriver.o
                0x00000a0c                uart_receiveStream
 .text.uart0_init
                0x00000a2a       0x2c Print/PrintDriver.o
                0x00000a2a                uart0_init
 .text.setRAMStatus
                0x00000a56       0x18 RAM/RAMDriver.o
                0x00000a56                setRAMStatus
 .text.SPI_WriteAddress
                0x00000a6e       0x2c RAM/RAMDriver.o
                0x00000a6e                SPI_WriteAddress
 .text.SPI_WriteData
                0x00000a9a        0xa RAM/RAMDriver.o
                0x00000a9a                SPI_WriteData
 .text.SPI_ReadAddress
                0x00000aa4       0x2c RAM/RAMDriver.o
                0x00000aa4                SPI_ReadAddress
 .text.SPI_ReadData
                0x00000ad0        0xc RAM/RAMDriver.o
                0x00000ad0                SPI_ReadData
 .text.RAMPrint
                0x00000adc       0x88 RAM/RAMDriver.o
                0x00000adc                RAMPrint
 .text.RAMWriteByte
                0x00000b64       0x16 RAM/RAMDriver.o
                0x00000b64                RAMWriteByte
 .text.SPI_Init
                0x00000b7a       0x1a RAM/RAMDriver.o
                0x00000b7a                SPI_Init
 .text.RAMReadByte
                0x00000b94       0x10 RAM/RAMDriver.o
                0x00000b94                RAMReadByte
 .text.wifiInit
                0x00000ba4        0x4 Wifi/Wifi.o
                0x00000ba4                wifiInit
 .text.setMachineMode
                0x00000ba8       0x36 Wifi/Wifi.o
                0x00000ba8                setMachineMode
 .text.networkScan
                0x00000bde       0x20 Wifi/Wifi.o
                0x00000bde                networkScan
 .text.getFileWifi
                0x00000bfe       0xf4 Wifi/Wifi.o
                0x00000bfe                getFileWifi
 .text.updateFileWifi
                0x00000cf2       0x24 Wifi/Wifi.o
                0x00000cf2                updateFileWifi
 .text.wifiDriverInit
                0x00000d16       0x54 Wifi/WifiDriver.o
                0x00000d16                wifiDriverInit
 .text.setCompressFlag
                0x00000d6a        0x6 Wifi/WifiDriver.o
                0x00000d6a                setCompressFlag
 .text.setReceiveCounter
                0x00000d70        0xa Wifi/WifiDriver.o
                0x00000d70                setReceiveCounter
 .text.uart_init
                0x00000d7a       0x20 Wifi/WifiDriver.o
                0x00000d7a                uart_init
 .text.uart_send
                0x00000d9a       0x56 Wifi/WifiDriver.o
                0x00000d9a                uart_send
 .text.uart_receiveChar
                0x00000df0       0x10 Wifi/WifiDriver.o
                0x00000df0                uart_receiveChar
 .text.enableReceiveINT
                0x00000e00       0x12 Wifi/WifiDriver.o
                0x00000e00                enableReceiveINT
 .text.disableReceiveINT
                0x00000e12       0x10 Wifi/WifiDriver.o
                0x00000e12                disableReceiveINT
 .text.receiveStatus
                0x00000e22       0x1e Wifi/WifiDriver.o
                0x00000e22                receiveStatus
 .text.buildTransmissionLength
                0x00000e40      0x122 Wifi/WifiDriver.o
                0x00000e40                buildTransmissionLength
 .text.getTransmissionLength
                0x00000f62        0xa Wifi/WifiDriver.o
                0x00000f62                getTransmissionLength
 .text.getMessageHeader
                0x00000f6c        0x6 Wifi/WifiDriver.o
                0x00000f6c                getMessageHeader
 .text.updateRAMAddress
                0x00000f72       0x12 Wifi/WifiDriver.o
                0x00000f72                updateRAMAddress
 .text.sendCommand
                0x00000f84       0xf2 Wifi/WifiDriver.o
                0x00000f84                sendCommand
 .text.__vector_25
                0x00001076      0x1c0 Wifi/WifiDriver.o
                0x00001076                __vector_25
 .text.libgcc.mul
                0x00001236       0x1e c:/program files (x86)/atmel/atmel toolchain/avr8 gcc/native/3.4.1056/avr8-gnu-toolchain/bin/../lib/gcc/avr/4.8.1/avr51\libgcc.a(_umulhisi3.o)
                0x00001236                __umulhisi3
 .text.avr-libc
                0x00001254       0x16 c:/program files (x86)/atmel/atmel toolchain/avr8 gcc/native/3.4.1056/avr8-gnu-toolchain/bin/../lib/gcc/avr/4.8.1/../../../../avr/lib/avr51\libc.a(strcat.o)
                0x00001254                strcat
 .text.avr-libc
                0x0000126a        0xe c:/program files (x86)/atmel/atmel toolchain/avr8 gcc/native/3.4.1056/avr8-gnu-toolchain/bin/../lib/gcc/avr/4.8.1/../../../../avr/lib/avr51\libc.a(strcpy.o)
                0x0000126a                strcpy
 .text.avr-libc
                0x00001278       0x64 c:/program files (x86)/atmel/atmel toolchain/avr8 gcc/native/3.4.1056/avr8-gnu-toolchain/bin/../lib/gcc/avr/4.8.1/../../../../avr/lib/avr51\libc.a(fputc.o)
                0x00001278                fputc
 .text.avr-libc
                0x000012dc       0x22 c:/program files (x86)/atmel/atmel toolchain/avr8 gcc/native/3.4.1056/avr8-gnu-toolchain/bin/../lib/gcc/avr/4.8.1/../../../../avr/lib/avr51\libc.a(printf.o)
                0x000012dc                printf
 .text.avr-libc
                0x000012fe        0xa c:/program files (x86)/atmel/atmel toolchain/avr8 gcc/native/3.4.1056/avr8-gnu-toolchain/bin/../lib/gcc/avr/4.8.1/../../../../avr/lib/avr51\libc.a(putchar.o)
                0x000012fe                putchar
 .text.avr-libc
                0x00001308       0x5a c:/program files (x86)/atmel/atmel toolchain/avr8 gcc/native/3.4.1056/avr8-gnu-toolchain/bin/../lib/gcc/avr/4.8.1/../../../../avr/lib/avr51\libc.a(puts.o)
                0x00001308                puts
 .text.avr-libc
                0x00001362      0x3dc c:/program files (x86)/atmel/atmel toolchain/avr8 gcc/native/3.4.1056/avr8-gnu-toolchain/bin/../lib/gcc/avr/4.8.1/../../../../avr/lib/avr51\libc.a(vfprintf_std.o)
                0x00001362                vfprintf
 .text.avr-libc
                0x0000173e       0x16 c:/program files (x86)/atmel/atmel toolchain/avr8 gcc/native/3.4.1056/avr8-gnu-toolchain/bin/../lib/gcc/avr/4.8.1/../../../../avr/lib/avr51\libc.a(strnlen_P.o)
                0x0000173e                strnlen_P
 .text.avr-libc
                0x00001754       0x16 c:/program files (x86)/atmel/atmel toolchain/avr8 gcc/native/3.4.1056/avr8-gnu-toolchain/bin/../lib/gcc/avr/4.8.1/../../../../avr/lib/avr51\libc.a(strnlen.o)
                0x00001754                strnlen
 .text.avr-libc
                0x0000176a       0xbc c:/program files (x86)/atmel/atmel toolchain/avr8 gcc/native/3.4.1056/avr8-gnu-toolchain/bin/../lib/gcc/avr/4.8.1/../../../../avr/lib/avr51\libc.a(ultoa_invert.o)
                0x0000176a                __ultoa_invert
                0x00001826                . = ALIGN (0x2)
 *(.fini9)
 .fini9         0x00001826        0x0 c:/program files (x86)/atmel/atmel toolchain/avr8 gcc/native/3.4.1056/avr8-gnu-toolchain/bin/../lib/gcc/avr/4.8.1/avr51\libgcc.a(_exit.o)
                0x00001826                _exit
                0x00001826                exit
 *(.fini9)
 *(.fini8)
 *(.fini8)
 *(.fini7)
 *(.fini7)
 *(.fini6)
 *(.fini6)
 *(.fini5)
 *(.fini5)
 *(.fini4)
 *(.fini4)
 *(.fini3)
 *(.fini3)
 *(.fini2)
 *(.fini2)
 *(.fini1)
 *(.fini1)
 *(.fini0)
 .fini0         0x00001826        0x4 c:/program files (x86)/atmel/atmel toolchain/avr8 gcc/native/3.4.1056/avr8-gnu-toolchain/bin/../lib/gcc/avr/4.8.1/avr51\libgcc.a(_exit.o)
 *(.fini0)
                0x0000182a                _etext = .

.data           0x00800200      0x516 load address 0x0000182a
                0x00800200                PROVIDE (__data_start, .)
 *(.data)
 .data          0x00800200        0x0 c:/program files (x86)/atmel/atmel toolchain/avr8 gcc/native/3.4.1056/avr8-gnu-toolchain/bin/../lib/gcc/avr/4.8.1/../../../../avr/lib/avr51/crtm1280.o
 .data          0x00800200        0x0 ClientController.o
 .data          0x00800200        0x0 Communications.o
 .data          0x00800200        0x0 Ethernet/Ethernet.o
 .data          0x00800200        0x0 Ethernet/EthernetDriver.o
 .data          0x00800200        0x0 Print/PrintDriver.o
 .data          0x00800200        0x0 RAM/RAMDriver.o
 .data          0x00800200        0x0 Wifi/Wifi.o
 .data          0x00800200        0x0 Wifi/WifiDriver.o
 .data          0x00800200        0x0 c:/program files (x86)/atmel/atmel toolchain/avr8 gcc/native/3.4.1056/avr8-gnu-toolchain/bin/../lib/gcc/avr/4.8.1/avr51\libgcc.a(_exit.o)
 .data          0x00800200        0x0 c:/program files (x86)/atmel/atmel toolchain/avr8 gcc/native/3.4.1056/avr8-gnu-toolchain/bin/../lib/gcc/avr/4.8.1/avr51\libgcc.a(_copy_data.o)
 .data          0x00800200        0x0 c:/program files (x86)/atmel/atmel toolchain/avr8 gcc/native/3.4.1056/avr8-gnu-toolchain/bin/../lib/gcc/avr/4.8.1/avr51\libgcc.a(_clear_bss.o)
 .data          0x00800200        0x0 c:/program files (x86)/atmel/atmel toolchain/avr8 gcc/native/3.4.1056/avr8-gnu-toolchain/bin/../lib/gcc/avr/4.8.1/avr51\libgcc.a(_umulhisi3.o)
 .data          0x00800200        0x0 c:/program files (x86)/atmel/atmel toolchain/avr8 gcc/native/3.4.1056/avr8-gnu-toolchain/bin/../lib/gcc/avr/4.8.1/../../../../avr/lib/avr51\libc.a(strcat.o)
 .data          0x00800200        0x0 c:/program files (x86)/atmel/atmel toolchain/avr8 gcc/native/3.4.1056/avr8-gnu-toolchain/bin/../lib/gcc/avr/4.8.1/../../../../avr/lib/avr51\libc.a(strcpy.o)
 .data          0x00800200        0x0 c:/program files (x86)/atmel/atmel toolchain/avr8 gcc/native/3.4.1056/avr8-gnu-toolchain/bin/../lib/gcc/avr/4.8.1/../../../../avr/lib/avr51\libc.a(fputc.o)
 .data          0x00800200        0x0 c:/program files (x86)/atmel/atmel toolchain/avr8 gcc/native/3.4.1056/avr8-gnu-toolchain/bin/../lib/gcc/avr/4.8.1/../../../../avr/lib/avr51\libc.a(iob.o)
 .data          0x00800200        0x0 c:/program files (x86)/atmel/atmel toolchain/avr8 gcc/native/3.4.1056/avr8-gnu-toolchain/bin/../lib/gcc/avr/4.8.1/../../../../avr/lib/avr51\libc.a(printf.o)
 .data          0x00800200        0x0 c:/program files (x86)/atmel/atmel toolchain/avr8 gcc/native/3.4.1056/avr8-gnu-toolchain/bin/../lib/gcc/avr/4.8.1/../../../../avr/lib/avr51\libc.a(putchar.o)
 .data          0x00800200        0x0 c:/program files (x86)/atmel/atmel toolchain/avr8 gcc/native/3.4.1056/avr8-gnu-toolchain/bin/../lib/gcc/avr/4.8.1/../../../../avr/lib/avr51\libc.a(puts.o)
 .data          0x00800200        0x0 c:/program files (x86)/atmel/atmel toolchain/avr8 gcc/native/3.4.1056/avr8-gnu-toolchain/bin/../lib/gcc/avr/4.8.1/../../../../avr/lib/avr51\libc.a(vfprintf_std.o)
 .data          0x00800200        0x0 c:/program files (x86)/atmel/atmel toolchain/avr8 gcc/native/3.4.1056/avr8-gnu-toolchain/bin/../lib/gcc/avr/4.8.1/../../../../avr/lib/avr51\libc.a(strnlen_P.o)
 .data          0x00800200        0x0 c:/program files (x86)/atmel/atmel toolchain/avr8 gcc/native/3.4.1056/avr8-gnu-toolchain/bin/../lib/gcc/avr/4.8.1/../../../../avr/lib/avr51\libc.a(strnlen.o)
 .data          0x00800200        0x0 c:/program files (x86)/atmel/atmel toolchain/avr8 gcc/native/3.4.1056/avr8-gnu-toolchain/bin/../lib/gcc/avr/4.8.1/../../../../avr/lib/avr51\libc.a(ultoa_invert.o)
 *(.data*)
 .data.gl_source_port
                0x00800200        0x2 Ethernet/EthernetDriver.o
                0x00800200                gl_source_port
 .data.gl_server_port
                0x00800202        0x2 Ethernet/EthernetDriver.o
                0x00800202                gl_server_port
 .data.gl_server_ip_addr
                0x00800204        0x4 Ethernet/EthernetDriver.o
                0x00800204                gl_server_ip_addr
 .data.uart_stream
                0x00800208        0xe Print/PrintDriver.o
                0x00800208                uart_stream
 *(.rodata)
 *(.rodata*)
 .rodata.str1.1
                0x00800216       0xfa ClientController.o
 .rodata.str1.1
                0x00800310        0x6 Communications.o
 .rodata.str1.1
                0x00800316       0x2c Ethernet/Ethernet.o
                                 0x44 (size before relaxing)
 .rodata.str1.1
                0x00800342      0x254 Ethernet/EthernetDriver.o
 .rodata.str1.1
                0x00800596       0x1c RAM/RAMDriver.o
 .rodata.str1.1
                0x008005b2       0xdd Wifi/Wifi.o
                                0x108 (size before relaxing)
 .rodata.str1.1
                0x0080068f       0x86 Wifi/WifiDriver.o
                                 0x90 (size before relaxing)
 *(.gnu.linkonce.d*)
                0x00800716                . = ALIGN (0x2)
 *fill*         0x00800715        0x1 
                0x00800716                _edata = .
                0x00800716                PROVIDE (__data_end, .)

.bss            0x00800716      0x18d
                0x00800716                PROVIDE (__bss_start, .)
 *(.bss)
 *(.bss*)
 *(COMMON)
 COMMON         0x00800716       0x69 ClientController.o
                0x00800716                filepath
                0x0080077a                Flags
 COMMON         0x0080077f       0x96 Ethernet/Ethernet.o
                0x0080077f                httpBuff
 COMMON         0x00800815        0x8 Ethernet/EthernetDriver.o
                0x00800815                S0_TX_MASK
                0x00800817                S0_TX_BASE
                0x00800819                S0_RX_BASE
                0x0080081b                S0_RX_MASK
 COMMON         0x0080081d       0x80 Wifi/WifiDriver.o
                0x0080081d                endHeaderFlag
                0x0080081e                multiReceiveFlag
                0x0080081f                headerBuffer
                0x00800828                buff
                0x00800829                compressBuff
                0x0080082a                testPrint
                0x0080082c                i
                0x0080082e                secondNibble
                0x0080082f                compressFlag
                0x00800830                transLength
                0x00800832                RAMAddress
                0x00800836                bufferStart
                0x00800838                receiveWifiFlag
                0x00800839                fullCommand
 COMMON         0x0080089d        0x6 c:/program files (x86)/atmel/atmel toolchain/avr8 gcc/native/3.4.1056/avr8-gnu-toolchain/bin/../lib/gcc/avr/4.8.1/../../../../avr/lib/avr51\libc.a(iob.o)
                0x0080089d                __iob
                0x008008a3                PROVIDE (__bss_end, .)
                0x0000182a                __data_load_start = LOADADDR (.data)
                0x00001d40                __data_load_end = (__data_load_start + SIZEOF (.data))

.noinit         0x008008a3        0x0
                0x008008a3                PROVIDE (__noinit_start, .)
 *(.noinit*)
                0x008008a3                PROVIDE (__noinit_end, .)
                0x008008a3                _end = .
                0x008008a3                PROVIDE (__heap_start, .)

.eeprom         0x00810000        0x0
 *(.eeprom*)
                0x00810000                __eeprom_end = .

.fuse
 *(.fuse)
 *(.lfuse)
 *(.hfuse)
 *(.efuse)

.lock
 *(.lock*)

.signature
 *(.signature*)

.user_signatures
 *(.user_signatures*)

.stab
 *(.stab)

.stabstr
 *(.stabstr)

.stab.excl
 *(.stab.excl)

.stab.exclstr
 *(.stab.exclstr)

.stab.index
 *(.stab.index)

.stab.indexstr
 *(.stab.indexstr)

.comment        0x00000000       0x5c
 *(.comment)
 .comment       0x00000000       0x30 ClientController.o
                                 0x31 (size before relaxing)
 .comment       0x00000000       0x31 Communications.o
 .comment       0x00000000       0x31 Ethernet/Ethernet.o
 .comment       0x00000000       0x31 Ethernet/EthernetDriver.o
 .comment       0x00000000       0x31 Print/PrintDriver.o
 .comment       0x00000000       0x31 RAM/RAMDriver.o
 .comment       0x00000000       0x31 Wifi/Wifi.o
 .comment       0x00000000       0x31 Wifi/WifiDriver.o
 .comment       0x00000000       0x31 c:/program files (x86)/atmel/atmel toolchain/avr8 gcc/native/3.4.1056/avr8-gnu-toolchain/bin/../lib/gcc/avr/4.8.1/../../../../avr/lib/avr51\libc.a(fputc.o)
 .comment       0x00000000       0x31 c:/program files (x86)/atmel/atmel toolchain/avr8 gcc/native/3.4.1056/avr8-gnu-toolchain/bin/../lib/gcc/avr/4.8.1/../../../../avr/lib/avr51\libc.a(iob.o)
 .comment       0x00000000       0x31 c:/program files (x86)/atmel/atmel toolchain/avr8 gcc/native/3.4.1056/avr8-gnu-toolchain/bin/../lib/gcc/avr/4.8.1/../../../../avr/lib/avr51\libc.a(printf.o)
 .comment       0x00000000       0x31 c:/program files (x86)/atmel/atmel toolchain/avr8 gcc/native/3.4.1056/avr8-gnu-toolchain/bin/../lib/gcc/avr/4.8.1/../../../../avr/lib/avr51\libc.a(putchar.o)
 .comment       0x00000000       0x31 c:/program files (x86)/atmel/atmel toolchain/avr8 gcc/native/3.4.1056/avr8-gnu-toolchain/bin/../lib/gcc/avr/4.8.1/../../../../avr/lib/avr51\libc.a(puts.o)
 .comment       0x00000030       0x2c c:/program files (x86)/atmel/atmel toolchain/avr8 gcc/native/3.4.1056/avr8-gnu-toolchain/bin/../lib/gcc/avr/4.8.1/../../../../avr/lib/avr51\libc.a(vfprintf_std.o)
                                 0x2d (size before relaxing)

.note.gnu.build-id
 *(.note.gnu.build-id)

.debug
 *(.debug)

.line
 *(.line)

.debug_srcinfo
 *(.debug_srcinfo)

.debug_sfnames
 *(.debug_sfnames)

.debug_aranges  0x00000000      0x330
 *(.debug_aranges)
 .debug_aranges
                0x00000000       0x58 ClientController.o
 .debug_aranges
                0x00000058       0x20 Communications.o
 .debug_aranges
                0x00000078       0x38 Ethernet/Ethernet.o
 .debug_aranges
                0x000000b0       0x80 Ethernet/EthernetDriver.o
 .debug_aranges
                0x00000130       0x60 Print/PrintDriver.o
 .debug_aranges
                0x00000190       0x80 RAM/RAMDriver.o
 .debug_aranges
                0x00000210       0x60 Wifi/Wifi.o
 .debug_aranges
                0x00000270       0xc0 Wifi/WifiDriver.o

.debug_pubnames
 *(.debug_pubnames)

.debug_info     0x00000000     0x3a24
 *(.debug_info .gnu.linkonce.wi.*)
 .debug_info    0x00000000      0x605 ClientController.o
 .debug_info    0x00000605      0x22b Communications.o
 .debug_info    0x00000830      0x4ef Ethernet/Ethernet.o
 .debug_info    0x00000d1f     0x130a Ethernet/EthernetDriver.o
 .debug_info    0x00002029      0x497 Print/PrintDriver.o
 .debug_info    0x000024c0      0x4ac RAM/RAMDriver.o
 .debug_info    0x0000296c      0x937 Wifi/Wifi.o
 .debug_info    0x000032a3      0x781 Wifi/WifiDriver.o

.debug_abbrev   0x00000000      0xfc6
 *(.debug_abbrev)
 .debug_abbrev  0x00000000      0x1de ClientController.o
 .debug_abbrev  0x000001de      0x152 Communications.o
 .debug_abbrev  0x00000330      0x19f Ethernet/Ethernet.o
 .debug_abbrev  0x000004cf      0x306 Ethernet/EthernetDriver.o
 .debug_abbrev  0x000007d5      0x1e3 Print/PrintDriver.o
 .debug_abbrev  0x000009b8      0x192 RAM/RAMDriver.o
 .debug_abbrev  0x00000b4a      0x19a Wifi/Wifi.o
 .debug_abbrev  0x00000ce4      0x2e2 Wifi/WifiDriver.o

.debug_line     0x00000000     0x1d91
 *(.debug_line .debug_line.* .debug_line_end)
 .debug_line    0x00000000      0x331 ClientController.o
 .debug_line    0x00000331      0x1bb Communications.o
 .debug_line    0x000004ec      0x187 Ethernet/Ethernet.o
 .debug_line    0x00000673      0x76a Ethernet/EthernetDriver.o
 .debug_line    0x00000ddd      0x27c Print/PrintDriver.o
 .debug_line    0x00001059      0x3f7 RAM/RAMDriver.o
 .debug_line    0x00001450      0x32d Wifi/Wifi.o
 .debug_line    0x0000177d      0x614 Wifi/WifiDriver.o

.debug_frame    0x00000000      0xbd8
 *(.debug_frame)
 .debug_frame   0x00000000      0x154 ClientController.o
 .debug_frame   0x00000154       0x24 Communications.o
 .debug_frame   0x00000178       0xbc Ethernet/Ethernet.o
 .debug_frame   0x00000234      0x350 Ethernet/EthernetDriver.o
 .debug_frame   0x00000584       0xdc Print/PrintDriver.o
 .debug_frame   0x00000660      0x18c RAM/RAMDriver.o
 .debug_frame   0x000007ec      0x168 Wifi/Wifi.o
 .debug_frame   0x00000954      0x284 Wifi/WifiDriver.o

.debug_str      0x00000000      0xa04
 *(.debug_str)
 .debug_str     0x00000000      0x2bd ClientController.o
                                0x309 (size before relaxing)
 .debug_str     0x000002bd       0xa2 Communications.o
                                0x23c (size before relaxing)
 .debug_str     0x0000035f      0x13b Ethernet/Ethernet.o
                                0x2d5 (size before relaxing)
 .debug_str     0x0000049a      0x1af Ethernet/EthernetDriver.o
                                0x45a (size before relaxing)
 .debug_str     0x00000649       0xb2 Print/PrintDriver.o
                                0x248 (size before relaxing)
 .debug_str     0x000006fb       0xab RAM/RAMDriver.o
                                0x292 (size before relaxing)
 .debug_str     0x000007a6      0x106 Wifi/Wifi.o
                                0x34f (size before relaxing)
 .debug_str     0x000008ac      0x158 Wifi/WifiDriver.o
                                0x468 (size before relaxing)

.debug_loc      0x00000000     0x2a58
 *(.debug_loc)
 .debug_loc     0x00000000      0x34e ClientController.o
 .debug_loc     0x0000034e      0x28c Ethernet/Ethernet.o
 .debug_loc     0x000005da     0x113a Ethernet/EthernetDriver.o
 .debug_loc     0x00001714      0x22e Print/PrintDriver.o
 .debug_loc     0x00001942      0x51c RAM/RAMDriver.o
 .debug_loc     0x00001e5e      0x5e7 Wifi/Wifi.o
 .debug_loc     0x00002445      0x613 Wifi/WifiDriver.o

.debug_macinfo
 *(.debug_macinfo)

.debug_weaknames
 *(.debug_weaknames)

.debug_funcnames
 *(.debug_funcnames)

.debug_typenames
 *(.debug_typenames)

.debug_varnames
 *(.debug_varnames)

.debug_pubtypes
 *(.debug_pubtypes)

.debug_ranges   0x00000000      0x2c8
 *(.debug_ranges)
 .debug_ranges  0x00000000       0x48 ClientController.o
 .debug_ranges  0x00000048       0x10 Communications.o
 .debug_ranges  0x00000058       0x28 Ethernet/Ethernet.o
 .debug_ranges  0x00000080       0x88 Ethernet/EthernetDriver.o
 .debug_ranges  0x00000108       0x50 Print/PrintDriver.o
 .debug_ranges  0x00000158       0x70 RAM/RAMDriver.o
 .debug_ranges  0x000001c8       0x50 Wifi/Wifi.o
 .debug_ranges  0x00000218       0xb0 Wifi/WifiDriver.o

.debug_macro
 *(.debug_macro)
OUTPUT(Communications.elf elf32-avr)
LOAD linker stubs
