Archive member included because of file (symbol)

c:/program files (x86)/atmel/atmel toolchain/avr8 gcc/native/3.4.1056/avr8-gnu-toolchain/bin/../lib/gcc/avr/4.8.1/avr51\libgcc.a(_exit.o)
                              c:/program files (x86)/atmel/atmel toolchain/avr8 gcc/native/3.4.1056/avr8-gnu-toolchain/bin/../lib/gcc/avr/4.8.1/../../../../avr/lib/avr51/crtm1280.o (exit)
c:/program files (x86)/atmel/atmel toolchain/avr8 gcc/native/3.4.1056/avr8-gnu-toolchain/bin/../lib/gcc/avr/4.8.1/avr51\libgcc.a(_copy_data.o)
                              ClientController.o (__do_copy_data)
c:/program files (x86)/atmel/atmel toolchain/avr8 gcc/native/3.4.1056/avr8-gnu-toolchain/bin/../lib/gcc/avr/4.8.1/avr51\libgcc.a(_clear_bss.o)
                              ClientController.o (__do_clear_bss)
c:/program files (x86)/atmel/atmel toolchain/avr8 gcc/native/3.4.1056/avr8-gnu-toolchain/bin/../lib/gcc/avr/4.8.1/avr51\libgcc.a(_umulhisi3.o)
                              Ethernet/EthernetDriver.o (__umulhisi3)
c:/program files (x86)/atmel/atmel toolchain/avr8 gcc/native/3.4.1056/avr8-gnu-toolchain/bin/../lib/gcc/avr/4.8.1/../../../../avr/lib/avr51\libc.a(strcat.o)
                              Ethernet/Ethernet.o (strcat)
c:/program files (x86)/atmel/atmel toolchain/avr8 gcc/native/3.4.1056/avr8-gnu-toolchain/bin/../lib/gcc/avr/4.8.1/../../../../avr/lib/avr51\libc.a(strcpy.o)
                              Ethernet/Ethernet.o (strcpy)
c:/program files (x86)/atmel/atmel toolchain/avr8 gcc/native/3.4.1056/avr8-gnu-toolchain/bin/../lib/gcc/avr/4.8.1/../../../../avr/lib/avr51\libc.a(fputc.o)
                              Print/PrintDriver.o (fputc)
c:/program files (x86)/atmel/atmel toolchain/avr8 gcc/native/3.4.1056/avr8-gnu-toolchain/bin/../lib/gcc/avr/4.8.1/../../../../avr/lib/avr51\libc.a(iob.o)
                              Print/PrintDriver.o (__iob)
c:/program files (x86)/atmel/atmel toolchain/avr8 gcc/native/3.4.1056/avr8-gnu-toolchain/bin/../lib/gcc/avr/4.8.1/../../../../avr/lib/avr51\libc.a(printf.o)
                              ClientController.o (printf)
c:/program files (x86)/atmel/atmel toolchain/avr8 gcc/native/3.4.1056/avr8-gnu-toolchain/bin/../lib/gcc/avr/4.8.1/../../../../avr/lib/avr51\libc.a(putchar.o)
                              RAM/RAMDriver.o (putchar)
c:/program files (x86)/atmel/atmel toolchain/avr8 gcc/native/3.4.1056/avr8-gnu-toolchain/bin/../lib/gcc/avr/4.8.1/../../../../avr/lib/avr51\libc.a(puts.o)
                              ClientController.o (puts)
c:/program files (x86)/atmel/atmel toolchain/avr8 gcc/native/3.4.1056/avr8-gnu-toolchain/bin/../lib/gcc/avr/4.8.1/../../../../avr/lib/avr51\libc.a(vfprintf_std.o)
                              c:/program files (x86)/atmel/atmel toolchain/avr8 gcc/native/3.4.1056/avr8-gnu-toolchain/bin/../lib/gcc/avr/4.8.1/../../../../avr/lib/avr51\libc.a(printf.o) (vfprintf)
c:/program files (x86)/atmel/atmel toolchain/avr8 gcc/native/3.4.1056/avr8-gnu-toolchain/bin/../lib/gcc/avr/4.8.1/../../../../avr/lib/avr51\libc.a(strnlen_P.o)
                              c:/program files (x86)/atmel/atmel toolchain/avr8 gcc/native/3.4.1056/avr8-gnu-toolchain/bin/../lib/gcc/avr/4.8.1/../../../../avr/lib/avr51\libc.a(vfprintf_std.o) (strnlen_P)
c:/program files (x86)/atmel/atmel toolchain/avr8 gcc/native/3.4.1056/avr8-gnu-toolchain/bin/../lib/gcc/avr/4.8.1/../../../../avr/lib/avr51\libc.a(strnlen.o)
                              c:/program files (x86)/atmel/atmel toolchain/avr8 gcc/native/3.4.1056/avr8-gnu-toolchain/bin/../lib/gcc/avr/4.8.1/../../../../avr/lib/avr51\libc.a(vfprintf_std.o) (strnlen)
c:/program files (x86)/atmel/atmel toolchain/avr8 gcc/native/3.4.1056/avr8-gnu-toolchain/bin/../lib/gcc/avr/4.8.1/../../../../avr/lib/avr51\libc.a(ultoa_invert.o)
                              c:/program files (x86)/atmel/atmel toolchain/avr8 gcc/native/3.4.1056/avr8-gnu-toolchain/bin/../lib/gcc/avr/4.8.1/../../../../avr/lib/avr51\libc.a(vfprintf_std.o) (__ultoa_invert)

Allocating common symbols
Common symbol       size              file

filepath            0x64              ClientController.o
S0_TX_MASK          0x2               Ethernet/EthernetDriver.o
S0_TX_BASE          0x2               Ethernet/EthernetDriver.o
buff                0x1               Wifi/WifiDriver.o
httpBuff            0x96              Ethernet/Ethernet.o
S0_RX_BASE          0x2               Ethernet/EthernetDriver.o
Flags               0x5               ClientController.o
S0_RX_MASK          0x2               Ethernet/EthernetDriver.o
receiveBuffer       0x19              Wifi/WifiDriver.o
__iob               0x6               c:/program files (x86)/atmel/atmel toolchain/avr8 gcc/native/3.4.1056/avr8-gnu-toolchain/bin/../lib/gcc/avr/4.8.1/../../../../avr/lib/avr51\libc.a(iob.o)
fullCommand         0x64              Wifi/WifiDriver.o

Discarded input sections

 .bss           0x00000000        0x0 c:/program files (x86)/atmel/atmel toolchain/avr8 gcc/native/3.4.1056/avr8-gnu-toolchain/bin/../lib/gcc/avr/4.8.1/../../../../avr/lib/avr51/crtm1280.o
 .text          0x00000000        0x0 ClientController.o
 .bss           0x00000000        0x0 ClientController.o
 .text.flagInit
                0x00000000       0x16 ClientController.o
 .text.checkNetworkStatus
                0x00000000        0x2 ClientController.o
 .text.getHexFile
                0x00000000        0x2 ClientController.o
 .text          0x00000000        0x0 Communications.o
 .bss           0x00000000        0x0 Communications.o
 .text          0x00000000        0x0 Ethernet/Ethernet.o
 .bss           0x00000000        0x0 Ethernet/Ethernet.o
 .text.sendRequestEthernet
                0x00000000        0x2 Ethernet/Ethernet.o
 .text          0x00000000        0x0 Ethernet/EthernetDriver.o
 .bss           0x00000000        0x0 Ethernet/EthernetDriver.o
 .text.ReceiveSize
                0x00000000       0x28 Ethernet/EthernetDriver.o
 .text.SocketDisconnect
                0x00000000       0x14 Ethernet/EthernetDriver.o
 .text.EnableEthernetInterrupt
                0x00000000       0x16 Ethernet/EthernetDriver.o
 .text.ResolveIP
                0x00000000        0xe Ethernet/EthernetDriver.o
 .text.getReceiveFlag
                0x00000000        0xa Ethernet/EthernetDriver.o
 .bss.receiveFlag
                0x00000000        0x2 Ethernet/EthernetDriver.o
 .text          0x00000000        0x0 Print/PrintDriver.o
 .bss           0x00000000        0x0 Print/PrintDriver.o
 .text.uart_flush
                0x00000000       0x1a Print/PrintDriver.o
 .text.uart_putch
                0x00000000       0x24 Print/PrintDriver.o
 .text.uart_getch
                0x00000000       0x20 Print/PrintDriver.o
 .text.ansi_cl  0x00000000       0x56 Print/PrintDriver.o
 .text.ansi_me  0x00000000       0x3e Print/PrintDriver.o
 .text.UARTStream_Init
                0x00000000       0x38 Print/PrintDriver.o
 .text          0x00000000        0x0 RAM/RAMDriver.o
 .bss           0x00000000        0x0 RAM/RAMDriver.o
 .text.setSPIClockDiv
                0x00000000        0x6 RAM/RAMDriver.o
 .text          0x00000000        0x0 Wifi/Wifi.o
 .bss           0x00000000        0x0 Wifi/Wifi.o
 .text.wifiInit
                0x00000000        0xc Wifi/Wifi.o
 .text.setMachineMode
                0x00000000       0x42 Wifi/Wifi.o
 .text.setHumanMode
                0x00000000       0x3e Wifi/Wifi.o
 .text.serverConnect
                0x00000000       0x42 Wifi/Wifi.o
 .text.getFileWifi
                0x00000000       0x6c Wifi/Wifi.o
 .text          0x00000000        0x0 Wifi/WifiDriver.o
 .bss           0x00000000        0x0 Wifi/WifiDriver.o
 .text.setTestPrint
                0x00000000        0xe Wifi/WifiDriver.o
 .text.getStringLen
                0x00000000       0x1e Wifi/WifiDriver.o
 .text.uart_receive
                0x00000000       0x98 Wifi/WifiDriver.o
 .text.getReceiveBuffer
                0x00000000       0x1e Wifi/WifiDriver.o
 .text          0x00000000        0x0 c:/program files (x86)/atmel/atmel toolchain/avr8 gcc/native/3.4.1056/avr8-gnu-toolchain/bin/../lib/gcc/avr/4.8.1/avr51\libgcc.a(_exit.o)
 .bss           0x00000000        0x0 c:/program files (x86)/atmel/atmel toolchain/avr8 gcc/native/3.4.1056/avr8-gnu-toolchain/bin/../lib/gcc/avr/4.8.1/avr51\libgcc.a(_exit.o)
 .text.libgcc.mul
                0x00000000        0x0 c:/program files (x86)/atmel/atmel toolchain/avr8 gcc/native/3.4.1056/avr8-gnu-toolchain/bin/../lib/gcc/avr/4.8.1/avr51\libgcc.a(_exit.o)
 .text.libgcc.div
                0x00000000        0x0 c:/program files (x86)/atmel/atmel toolchain/avr8 gcc/native/3.4.1056/avr8-gnu-toolchain/bin/../lib/gcc/avr/4.8.1/avr51\libgcc.a(_exit.o)
 .text.libgcc   0x00000000        0x0 c:/program files (x86)/atmel/atmel toolchain/avr8 gcc/native/3.4.1056/avr8-gnu-toolchain/bin/../lib/gcc/avr/4.8.1/avr51\libgcc.a(_exit.o)
 .text.libgcc.prologue
                0x00000000        0x0 c:/program files (x86)/atmel/atmel toolchain/avr8 gcc/native/3.4.1056/avr8-gnu-toolchain/bin/../lib/gcc/avr/4.8.1/avr51\libgcc.a(_exit.o)
 .text.libgcc.builtins
                0x00000000        0x0 c:/program files (x86)/atmel/atmel toolchain/avr8 gcc/native/3.4.1056/avr8-gnu-toolchain/bin/../lib/gcc/avr/4.8.1/avr51\libgcc.a(_exit.o)
 .text.libgcc.fmul
                0x00000000        0x0 c:/program files (x86)/atmel/atmel toolchain/avr8 gcc/native/3.4.1056/avr8-gnu-toolchain/bin/../lib/gcc/avr/4.8.1/avr51\libgcc.a(_exit.o)
 .text.libgcc.fixed
                0x00000000        0x0 c:/program files (x86)/atmel/atmel toolchain/avr8 gcc/native/3.4.1056/avr8-gnu-toolchain/bin/../lib/gcc/avr/4.8.1/avr51\libgcc.a(_exit.o)
 .text          0x00000000        0x0 c:/program files (x86)/atmel/atmel toolchain/avr8 gcc/native/3.4.1056/avr8-gnu-toolchain/bin/../lib/gcc/avr/4.8.1/avr51\libgcc.a(_copy_data.o)
 .bss           0x00000000        0x0 c:/program files (x86)/atmel/atmel toolchain/avr8 gcc/native/3.4.1056/avr8-gnu-toolchain/bin/../lib/gcc/avr/4.8.1/avr51\libgcc.a(_copy_data.o)
 .text.libgcc.mul
                0x00000000        0x0 c:/program files (x86)/atmel/atmel toolchain/avr8 gcc/native/3.4.1056/avr8-gnu-toolchain/bin/../lib/gcc/avr/4.8.1/avr51\libgcc.a(_copy_data.o)
 .text.libgcc.div
                0x00000000        0x0 c:/program files (x86)/atmel/atmel toolchain/avr8 gcc/native/3.4.1056/avr8-gnu-toolchain/bin/../lib/gcc/avr/4.8.1/avr51\libgcc.a(_copy_data.o)
 .text.libgcc   0x00000000        0x0 c:/program files (x86)/atmel/atmel toolchain/avr8 gcc/native/3.4.1056/avr8-gnu-toolchain/bin/../lib/gcc/avr/4.8.1/avr51\libgcc.a(_copy_data.o)
 .text.libgcc.prologue
                0x00000000        0x0 c:/program files (x86)/atmel/atmel toolchain/avr8 gcc/native/3.4.1056/avr8-gnu-toolchain/bin/../lib/gcc/avr/4.8.1/avr51\libgcc.a(_copy_data.o)
 .text.libgcc.builtins
                0x00000000        0x0 c:/program files (x86)/atmel/atmel toolchain/avr8 gcc/native/3.4.1056/avr8-gnu-toolchain/bin/../lib/gcc/avr/4.8.1/avr51\libgcc.a(_copy_data.o)
 .text.libgcc.fmul
                0x00000000        0x0 c:/program files (x86)/atmel/atmel toolchain/avr8 gcc/native/3.4.1056/avr8-gnu-toolchain/bin/../lib/gcc/avr/4.8.1/avr51\libgcc.a(_copy_data.o)
 .text.libgcc.fixed
                0x00000000        0x0 c:/program files (x86)/atmel/atmel toolchain/avr8 gcc/native/3.4.1056/avr8-gnu-toolchain/bin/../lib/gcc/avr/4.8.1/avr51\libgcc.a(_copy_data.o)
 .text          0x00000000        0x0 c:/program files (x86)/atmel/atmel toolchain/avr8 gcc/native/3.4.1056/avr8-gnu-toolchain/bin/../lib/gcc/avr/4.8.1/avr51\libgcc.a(_clear_bss.o)
 .bss           0x00000000        0x0 c:/program files (x86)/atmel/atmel toolchain/avr8 gcc/native/3.4.1056/avr8-gnu-toolchain/bin/../lib/gcc/avr/4.8.1/avr51\libgcc.a(_clear_bss.o)
 .text.libgcc.mul
                0x00000000        0x0 c:/program files (x86)/atmel/atmel toolchain/avr8 gcc/native/3.4.1056/avr8-gnu-toolchain/bin/../lib/gcc/avr/4.8.1/avr51\libgcc.a(_clear_bss.o)
 .text.libgcc.div
                0x00000000        0x0 c:/program files (x86)/atmel/atmel toolchain/avr8 gcc/native/3.4.1056/avr8-gnu-toolchain/bin/../lib/gcc/avr/4.8.1/avr51\libgcc.a(_clear_bss.o)
 .text.libgcc   0x00000000        0x0 c:/program files (x86)/atmel/atmel toolchain/avr8 gcc/native/3.4.1056/avr8-gnu-toolchain/bin/../lib/gcc/avr/4.8.1/avr51\libgcc.a(_clear_bss.o)
 .text.libgcc.prologue
                0x00000000        0x0 c:/program files (x86)/atmel/atmel toolchain/avr8 gcc/native/3.4.1056/avr8-gnu-toolchain/bin/../lib/gcc/avr/4.8.1/avr51\libgcc.a(_clear_bss.o)
 .text.libgcc.builtins
                0x00000000        0x0 c:/program files (x86)/atmel/atmel toolchain/avr8 gcc/native/3.4.1056/avr8-gnu-toolchain/bin/../lib/gcc/avr/4.8.1/avr51\libgcc.a(_clear_bss.o)
 .text.libgcc.fmul
                0x00000000        0x0 c:/program files (x86)/atmel/atmel toolchain/avr8 gcc/native/3.4.1056/avr8-gnu-toolchain/bin/../lib/gcc/avr/4.8.1/avr51\libgcc.a(_clear_bss.o)
 .text.libgcc.fixed
                0x00000000        0x0 c:/program files (x86)/atmel/atmel toolchain/avr8 gcc/native/3.4.1056/avr8-gnu-toolchain/bin/../lib/gcc/avr/4.8.1/avr51\libgcc.a(_clear_bss.o)
 .text          0x00000000        0x0 c:/program files (x86)/atmel/atmel toolchain/avr8 gcc/native/3.4.1056/avr8-gnu-toolchain/bin/../lib/gcc/avr/4.8.1/avr51\libgcc.a(_umulhisi3.o)
 .bss           0x00000000        0x0 c:/program files (x86)/atmel/atmel toolchain/avr8 gcc/native/3.4.1056/avr8-gnu-toolchain/bin/../lib/gcc/avr/4.8.1/avr51\libgcc.a(_umulhisi3.o)
 .text.libgcc.div
                0x00000000        0x0 c:/program files (x86)/atmel/atmel toolchain/avr8 gcc/native/3.4.1056/avr8-gnu-toolchain/bin/../lib/gcc/avr/4.8.1/avr51\libgcc.a(_umulhisi3.o)
 .text.libgcc   0x00000000        0x0 c:/program files (x86)/atmel/atmel toolchain/avr8 gcc/native/3.4.1056/avr8-gnu-toolchain/bin/../lib/gcc/avr/4.8.1/avr51\libgcc.a(_umulhisi3.o)
 .text.libgcc.prologue
                0x00000000        0x0 c:/program files (x86)/atmel/atmel toolchain/avr8 gcc/native/3.4.1056/avr8-gnu-toolchain/bin/../lib/gcc/avr/4.8.1/avr51\libgcc.a(_umulhisi3.o)
 .text.libgcc.builtins
                0x00000000        0x0 c:/program files (x86)/atmel/atmel toolchain/avr8 gcc/native/3.4.1056/avr8-gnu-toolchain/bin/../lib/gcc/avr/4.8.1/avr51\libgcc.a(_umulhisi3.o)
 .text.libgcc.fmul
                0x00000000        0x0 c:/program files (x86)/atmel/atmel toolchain/avr8 gcc/native/3.4.1056/avr8-gnu-toolchain/bin/../lib/gcc/avr/4.8.1/avr51\libgcc.a(_umulhisi3.o)
 .text.libgcc.fixed
                0x00000000        0x0 c:/program files (x86)/atmel/atmel toolchain/avr8 gcc/native/3.4.1056/avr8-gnu-toolchain/bin/../lib/gcc/avr/4.8.1/avr51\libgcc.a(_umulhisi3.o)
 .text          0x00000000        0x0 c:/program files (x86)/atmel/atmel toolchain/avr8 gcc/native/3.4.1056/avr8-gnu-toolchain/bin/../lib/gcc/avr/4.8.1/../../../../avr/lib/avr51\libc.a(strcat.o)
 .bss           0x00000000        0x0 c:/program files (x86)/atmel/atmel toolchain/avr8 gcc/native/3.4.1056/avr8-gnu-toolchain/bin/../lib/gcc/avr/4.8.1/../../../../avr/lib/avr51\libc.a(strcat.o)
 .text          0x00000000        0x0 c:/program files (x86)/atmel/atmel toolchain/avr8 gcc/native/3.4.1056/avr8-gnu-toolchain/bin/../lib/gcc/avr/4.8.1/../../../../avr/lib/avr51\libc.a(strcpy.o)
 .bss           0x00000000        0x0 c:/program files (x86)/atmel/atmel toolchain/avr8 gcc/native/3.4.1056/avr8-gnu-toolchain/bin/../lib/gcc/avr/4.8.1/../../../../avr/lib/avr51\libc.a(strcpy.o)
 .text          0x00000000        0x0 c:/program files (x86)/atmel/atmel toolchain/avr8 gcc/native/3.4.1056/avr8-gnu-toolchain/bin/../lib/gcc/avr/4.8.1/../../../../avr/lib/avr51\libc.a(fputc.o)
 .bss           0x00000000        0x0 c:/program files (x86)/atmel/atmel toolchain/avr8 gcc/native/3.4.1056/avr8-gnu-toolchain/bin/../lib/gcc/avr/4.8.1/../../../../avr/lib/avr51\libc.a(fputc.o)
 .text          0x00000000        0x0 c:/program files (x86)/atmel/atmel toolchain/avr8 gcc/native/3.4.1056/avr8-gnu-toolchain/bin/../lib/gcc/avr/4.8.1/../../../../avr/lib/avr51\libc.a(iob.o)
 .bss           0x00000000        0x0 c:/program files (x86)/atmel/atmel toolchain/avr8 gcc/native/3.4.1056/avr8-gnu-toolchain/bin/../lib/gcc/avr/4.8.1/../../../../avr/lib/avr51\libc.a(iob.o)
 .text          0x00000000        0x0 c:/program files (x86)/atmel/atmel toolchain/avr8 gcc/native/3.4.1056/avr8-gnu-toolchain/bin/../lib/gcc/avr/4.8.1/../../../../avr/lib/avr51\libc.a(printf.o)
 .bss           0x00000000        0x0 c:/program files (x86)/atmel/atmel toolchain/avr8 gcc/native/3.4.1056/avr8-gnu-toolchain/bin/../lib/gcc/avr/4.8.1/../../../../avr/lib/avr51\libc.a(printf.o)
 .text          0x00000000        0x0 c:/program files (x86)/atmel/atmel toolchain/avr8 gcc/native/3.4.1056/avr8-gnu-toolchain/bin/../lib/gcc/avr/4.8.1/../../../../avr/lib/avr51\libc.a(putchar.o)
 .bss           0x00000000        0x0 c:/program files (x86)/atmel/atmel toolchain/avr8 gcc/native/3.4.1056/avr8-gnu-toolchain/bin/../lib/gcc/avr/4.8.1/../../../../avr/lib/avr51\libc.a(putchar.o)
 .text          0x00000000        0x0 c:/program files (x86)/atmel/atmel toolchain/avr8 gcc/native/3.4.1056/avr8-gnu-toolchain/bin/../lib/gcc/avr/4.8.1/../../../../avr/lib/avr51\libc.a(puts.o)
 .bss           0x00000000        0x0 c:/program files (x86)/atmel/atmel toolchain/avr8 gcc/native/3.4.1056/avr8-gnu-toolchain/bin/../lib/gcc/avr/4.8.1/../../../../avr/lib/avr51\libc.a(puts.o)
 .text          0x00000000        0x0 c:/program files (x86)/atmel/atmel toolchain/avr8 gcc/native/3.4.1056/avr8-gnu-toolchain/bin/../lib/gcc/avr/4.8.1/../../../../avr/lib/avr51\libc.a(vfprintf_std.o)
 .bss           0x00000000        0x0 c:/program files (x86)/atmel/atmel toolchain/avr8 gcc/native/3.4.1056/avr8-gnu-toolchain/bin/../lib/gcc/avr/4.8.1/../../../../avr/lib/avr51\libc.a(vfprintf_std.o)
 .text          0x00000000        0x0 c:/program files (x86)/atmel/atmel toolchain/avr8 gcc/native/3.4.1056/avr8-gnu-toolchain/bin/../lib/gcc/avr/4.8.1/../../../../avr/lib/avr51\libc.a(strnlen_P.o)
 .bss           0x00000000        0x0 c:/program files (x86)/atmel/atmel toolchain/avr8 gcc/native/3.4.1056/avr8-gnu-toolchain/bin/../lib/gcc/avr/4.8.1/../../../../avr/lib/avr51\libc.a(strnlen_P.o)
 .text          0x00000000        0x0 c:/program files (x86)/atmel/atmel toolchain/avr8 gcc/native/3.4.1056/avr8-gnu-toolchain/bin/../lib/gcc/avr/4.8.1/../../../../avr/lib/avr51\libc.a(strnlen.o)
 .bss           0x00000000        0x0 c:/program files (x86)/atmel/atmel toolchain/avr8 gcc/native/3.4.1056/avr8-gnu-toolchain/bin/../lib/gcc/avr/4.8.1/../../../../avr/lib/avr51\libc.a(strnlen.o)
 .text          0x00000000        0x0 c:/program files (x86)/atmel/atmel toolchain/avr8 gcc/native/3.4.1056/avr8-gnu-toolchain/bin/../lib/gcc/avr/4.8.1/../../../../avr/lib/avr51\libc.a(ultoa_invert.o)
 .bss           0x00000000        0x0 c:/program files (x86)/atmel/atmel toolchain/avr8 gcc/native/3.4.1056/avr8-gnu-toolchain/bin/../lib/gcc/avr/4.8.1/../../../../avr/lib/avr51\libc.a(ultoa_invert.o)

Memory Configuration

Name             Origin             Length             Attributes
text             0x00000000         0x00020000         xr
data             0x00800100         0x0000ff00         rw !x
eeprom           0x00810000         0x00010000         rw !x
fuse             0x00820000         0x00000400         rw !x
lock             0x00830000         0x00000400         rw !x
signature        0x00840000         0x00000400         rw !x
user_signatures  0x00850000         0x00000400         rw !x
*default*        0x00000000         0xffffffff

Linker script and memory map

Address of section .data set to 0x800200
LOAD c:/program files (x86)/atmel/atmel toolchain/avr8 gcc/native/3.4.1056/avr8-gnu-toolchain/bin/../lib/gcc/avr/4.8.1/../../../../avr/lib/avr51/crtm1280.o
LOAD ClientController.o
LOAD Communications.o
LOAD Ethernet/Ethernet.o
LOAD Ethernet/EthernetDriver.o
LOAD Print/PrintDriver.o
LOAD RAM/RAMDriver.o
LOAD Wifi/Wifi.o
LOAD Wifi/WifiDriver.o
START GROUP
LOAD c:/program files (x86)/atmel/atmel toolchain/avr8 gcc/native/3.4.1056/avr8-gnu-toolchain/bin/../lib/gcc/avr/4.8.1/../../../../avr/lib/avr51\libm.a
END GROUP
START GROUP
LOAD c:/program files (x86)/atmel/atmel toolchain/avr8 gcc/native/3.4.1056/avr8-gnu-toolchain/bin/../lib/gcc/avr/4.8.1/avr51\libgcc.a
LOAD c:/program files (x86)/atmel/atmel toolchain/avr8 gcc/native/3.4.1056/avr8-gnu-toolchain/bin/../lib/gcc/avr/4.8.1/../../../../avr/lib/avr51\libm.a
LOAD c:/program files (x86)/atmel/atmel toolchain/avr8 gcc/native/3.4.1056/avr8-gnu-toolchain/bin/../lib/gcc/avr/4.8.1/../../../../avr/lib/avr51\libc.a
END GROUP

.hash
 *(.hash)

.dynsym
 *(.dynsym)

.dynstr
 *(.dynstr)

.gnu.version
 *(.gnu.version)

.gnu.version_d
 *(.gnu.version_d)

.gnu.version_r
 *(.gnu.version_r)

.rel.init
 *(.rel.init)

.rela.init
 *(.rela.init)

.rel.text
 *(.rel.text)
 *(.rel.text.*)
 *(.rel.gnu.linkonce.t*)

.rela.text
 *(.rela.text)
 *(.rela.text.*)
 *(.rela.gnu.linkonce.t*)

.rel.fini
 *(.rel.fini)

.rela.fini
 *(.rela.fini)

.rel.rodata
 *(.rel.rodata)
 *(.rel.rodata.*)
 *(.rel.gnu.linkonce.r*)

.rela.rodata
 *(.rela.rodata)
 *(.rela.rodata.*)
 *(.rela.gnu.linkonce.r*)

.rel.data
 *(.rel.data)
 *(.rel.data.*)
 *(.rel.gnu.linkonce.d*)

.rela.data
 *(.rela.data)
 *(.rela.data.*)
 *(.rela.gnu.linkonce.d*)

.rel.ctors
 *(.rel.ctors)

.rela.ctors
 *(.rela.ctors)

.rel.dtors
 *(.rel.dtors)

.rela.dtors
 *(.rela.dtors)

.rel.got
 *(.rel.got)

.rela.got
 *(.rela.got)

.rel.bss
 *(.rel.bss)

.rela.bss
 *(.rela.bss)

.rel.plt
 *(.rel.plt)

.rela.plt
 *(.rela.plt)

.text           0x00000000     0x1cda
 *(.vectors)
 .vectors       0x00000000       0xe4 c:/program files (x86)/atmel/atmel toolchain/avr8 gcc/native/3.4.1056/avr8-gnu-toolchain/bin/../lib/gcc/avr/4.8.1/../../../../avr/lib/avr51/crtm1280.o
                0x00000000                __vector_default
                0x00000000                __vectors
 *(.vectors)
 *(.progmem.gcc*)
                0x000000e4                . = ALIGN (0x2)
                0x000000e4                __trampolines_start = .
 *(.trampolines)
 .trampolines   0x000000e4        0x0 linker stubs
 *(.trampolines*)
                0x000000e4                __trampolines_end = .
 *(.progmem*)
                0x000000e4                . = ALIGN (0x2)
 *(.jumptables)
 *(.jumptables*)
 *(.lowtext)
 *(.lowtext*)
                0x000000e4                __ctors_start = .
 *(.ctors)
                0x000000e4                __ctors_end = .
                0x000000e4                __dtors_start = .
 *(.dtors)
                0x000000e4                __dtors_end = .
 SORT(*)(.ctors)
 SORT(*)(.dtors)
 *(.init0)
 .init0         0x000000e4        0x0 c:/program files (x86)/atmel/atmel toolchain/avr8 gcc/native/3.4.1056/avr8-gnu-toolchain/bin/../lib/gcc/avr/4.8.1/../../../../avr/lib/avr51/crtm1280.o
                0x000000e4                __init
 *(.init0)
 *(.init1)
 *(.init1)
 *(.init2)
 .init2         0x000000e4        0xc c:/program files (x86)/atmel/atmel toolchain/avr8 gcc/native/3.4.1056/avr8-gnu-toolchain/bin/../lib/gcc/avr/4.8.1/../../../../avr/lib/avr51/crtm1280.o
 *(.init2)
 *(.init3)
 *(.init3)
 *(.init4)
 .init4         0x000000f0       0x1a c:/program files (x86)/atmel/atmel toolchain/avr8 gcc/native/3.4.1056/avr8-gnu-toolchain/bin/../lib/gcc/avr/4.8.1/avr51\libgcc.a(_copy_data.o)
                0x000000f0                __do_copy_data
 .init4         0x0000010a       0x10 c:/program files (x86)/atmel/atmel toolchain/avr8 gcc/native/3.4.1056/avr8-gnu-toolchain/bin/../lib/gcc/avr/4.8.1/avr51\libgcc.a(_clear_bss.o)
                0x0000010a                __do_clear_bss
 *(.init4)
 *(.init5)
 *(.init5)
 *(.init6)
 *(.init6)
 *(.init7)
 *(.init7)
 *(.init8)
 *(.init8)
 *(.init9)
 .init9         0x0000011a        0x6 c:/program files (x86)/atmel/atmel toolchain/avr8 gcc/native/3.4.1056/avr8-gnu-toolchain/bin/../lib/gcc/avr/4.8.1/../../../../avr/lib/avr51/crtm1280.o
 *(.init9)
 *(.text)
 .text          0x00000120        0x2 c:/program files (x86)/atmel/atmel toolchain/avr8 gcc/native/3.4.1056/avr8-gnu-toolchain/bin/../lib/gcc/avr/4.8.1/../../../../avr/lib/avr51/crtm1280.o
                0x00000120                __vector_38
                0x00000120                __vector_22
                0x00000120                __vector_28
                0x00000120                __vector_1
                0x00000120                __vector_32
                0x00000120                __vector_34
                0x00000120                __vector_24
                0x00000120                __vector_12
                0x00000120                __vector_55
                0x00000120                __vector_46
                0x00000120                __bad_interrupt
                0x00000120                __vector_6
                0x00000120                __vector_31
                0x00000120                __vector_35
                0x00000120                __vector_39
                0x00000120                __vector_3
                0x00000120                __vector_23
                0x00000120                __vector_30
                0x00000120                __vector_45
                0x00000120                __vector_11
                0x00000120                __vector_54
                0x00000120                __vector_13
                0x00000120                __vector_17
                0x00000120                __vector_19
                0x00000120                __vector_56
                0x00000120                __vector_7
                0x00000120                __vector_49
                0x00000120                __vector_41
                0x00000120                __vector_43
                0x00000120                __vector_27
                0x00000120                __vector_5
                0x00000120                __vector_33
                0x00000120                __vector_47
                0x00000120                __vector_52
                0x00000120                __vector_37
                0x00000120                __vector_4
                0x00000120                __vector_44
                0x00000120                __vector_51
                0x00000120                __vector_9
                0x00000120                __vector_2
                0x00000120                __vector_21
                0x00000120                __vector_15
                0x00000120                __vector_36
                0x00000120                __vector_29
                0x00000120                __vector_40
                0x00000120                __vector_8
                0x00000120                __vector_26
                0x00000120                __vector_48
                0x00000120                __vector_14
                0x00000120                __vector_53
                0x00000120                __vector_10
                0x00000120                __vector_50
                0x00000120                __vector_16
                0x00000120                __vector_18
                0x00000120                __vector_42
                0x00000122                . = ALIGN (0x2)
 *(.text.*)
 .text.pollingInit
                0x00000122       0x1a ClientController.o
                0x00000122                pollingInit
 .text.clearFlags
                0x0000013c       0xf0 ClientController.o
                0x0000013c                clearFlags
 .text.sendAvailableNetworks
                0x0000022c       0xf0 ClientController.o
                0x0000022c                sendAvailableNetworks
 .text.getFlagStatus
                0x0000031c       0xaa ClientController.o
                0x0000031c                getFlagStatus
 .text.__vector_20
                0x000003c6       0x62 ClientController.o
                0x000003c6                __vector_20
 .text.main     0x00000428       0x68 Communications.o
                0x00000428                main
 .text.ethernetInit
                0x00000490       0x2a Ethernet/Ethernet.o
                0x00000490                ethernetInit
 .text.getFileEthernet
                0x000004ba       0xd4 Ethernet/Ethernet.o
                0x000004ba                getFileEthernet
 .text.updateFileEthernet
                0x0000058e       0x6a Ethernet/Ethernet.o
                0x0000058e                updateFileEthernet
 .text.SPI_EthernetWrite
                0x000005f8       0x28 Ethernet/EthernetDriver.o
                0x000005f8                SPI_EthernetWrite
 .text.SPI_EthernetRead
                0x00000620       0x2a Ethernet/EthernetDriver.o
                0x00000620                SPI_EthernetRead
 .text.NetworkSetup
                0x0000064a      0x31a Ethernet/EthernetDriver.o
                0x0000064a                NetworkSetup
 .text.Server_Connect
                0x00000964      0x15c Ethernet/EthernetDriver.o
                0x00000964                Server_Connect
 .text.MemoryInit
                0x00000ac0       0x3e Ethernet/EthernetDriver.o
                0x00000ac0                MemoryInit
 .text.SocketCommand
                0x00000afe        0xa Ethernet/EthernetDriver.o
                0x00000afe                SocketCommand
 .text.SendData
                0x00000b08      0x204 Ethernet/EthernetDriver.o
                0x00000b08                SendData
 .text.ReceiveData
                0x00000d0c      0x13c Ethernet/EthernetDriver.o
                0x00000d0c                ReceiveData
 .text.uart_sendStream
                0x00000e48       0x22 Print/PrintDriver.o
                0x00000e48                uart_sendStream
 .text.uart_receiveStream
                0x00000e6a       0x1e Print/PrintDriver.o
                0x00000e6a                uart_receiveStream
 .text.uart0_init
                0x00000e88       0x2c Print/PrintDriver.o
                0x00000e88                uart0_init
 .text.getRAMStatus
                0x00000eb4       0x1c RAM/RAMDriver.o
                0x00000eb4                getRAMStatus
 .text.setRAMStatus
                0x00000ed0       0x18 RAM/RAMDriver.o
                0x00000ed0                setRAMStatus
 .text.SPI_WriteAddress
                0x00000ee8       0x2c RAM/RAMDriver.o
                0x00000ee8                SPI_WriteAddress
 .text.SPI_WriteData
                0x00000f14        0xa RAM/RAMDriver.o
                0x00000f14                SPI_WriteData
 .text.SPI_ReadAddress
                0x00000f1e       0x2c RAM/RAMDriver.o
                0x00000f1e                SPI_ReadAddress
 .text.SPI_ReadData
                0x00000f4a        0xc RAM/RAMDriver.o
                0x00000f4a                SPI_ReadData
 .text.RAMWrite
                0x00000f56       0x7e RAM/RAMDriver.o
                0x00000f56                RAMWrite
 .text.RAMRead  0x00000fd4       0x62 RAM/RAMDriver.o
                0x00000fd4                RAMRead
 .text.RAMPrint
                0x00001036       0x88 RAM/RAMDriver.o
                0x00001036                RAMPrint
 .text.RAMWriteByte
                0x000010be       0x16 RAM/RAMDriver.o
                0x000010be                RAMWriteByte
 .text.SPI_Init
                0x000010d4       0x1a RAM/RAMDriver.o
                0x000010d4                SPI_Init
 .text.RAMReadByte
                0x000010ee       0x10 RAM/RAMDriver.o
                0x000010ee                RAMReadByte
 .text.networkScan
                0x000010fe       0x20 Wifi/Wifi.o
                0x000010fe                networkScan
 .text.networkConnect
                0x0000111e       0x3c Wifi/Wifi.o
                0x0000111e                networkConnect
 .text.networkQueryString
                0x0000115a       0xc8 Wifi/Wifi.o
                0x0000115a                networkQueryString
 .text.updateFileWifi
                0x00001222       0x18 Wifi/Wifi.o
                0x00001222                updateFileWifi
 .text.uart_init
                0x0000123a       0x20 Wifi/WifiDriver.o
                0x0000123a                uart_init
 .text.uart_send
                0x0000125a       0x56 Wifi/WifiDriver.o
                0x0000125a                uart_send
 .text.uart_receiveChar
                0x000012b0       0x10 Wifi/WifiDriver.o
                0x000012b0                uart_receiveChar
 .text.enableReceiveINT
                0x000012c0       0x12 Wifi/WifiDriver.o
                0x000012c0                enableReceiveINT
 .text.disableReceiveINT
                0x000012d2       0x10 Wifi/WifiDriver.o
                0x000012d2                disableReceiveINT
 .text.receiveStatus
                0x000012e2       0x1e Wifi/WifiDriver.o
                0x000012e2                receiveStatus
 .text.buildTransmissionLength
                0x00001300      0x122 Wifi/WifiDriver.o
                0x00001300                buildTransmissionLength
 .text.getTransmissionLength
                0x00001422        0xa Wifi/WifiDriver.o
                0x00001422                getTransmissionLength
 .text.getMessageHeader
                0x0000142c       0x20 Wifi/WifiDriver.o
                0x0000142c                getMessageHeader
 .text.errorCheck
                0x0000144c       0x2e Wifi/WifiDriver.o
                0x0000144c                errorCheck
 .text.updateRAMAddress
                0x0000147a       0x12 Wifi/WifiDriver.o
                0x0000147a                updateRAMAddress
 .text.sendCommand
                0x0000148c       0xf2 Wifi/WifiDriver.o
                0x0000148c                sendCommand
 .text.__vector_25
                0x0000157e      0x168 Wifi/WifiDriver.o
                0x0000157e                __vector_25
 .text.libgcc.mul
                0x000016e6       0x1e c:/program files (x86)/atmel/atmel toolchain/avr8 gcc/native/3.4.1056/avr8-gnu-toolchain/bin/../lib/gcc/avr/4.8.1/avr51\libgcc.a(_umulhisi3.o)
                0x000016e6                __umulhisi3
 .text.avr-libc
                0x00001704       0x16 c:/program files (x86)/atmel/atmel toolchain/avr8 gcc/native/3.4.1056/avr8-gnu-toolchain/bin/../lib/gcc/avr/4.8.1/../../../../avr/lib/avr51\libc.a(strcat.o)
                0x00001704                strcat
 .text.avr-libc
                0x0000171a        0xe c:/program files (x86)/atmel/atmel toolchain/avr8 gcc/native/3.4.1056/avr8-gnu-toolchain/bin/../lib/gcc/avr/4.8.1/../../../../avr/lib/avr51\libc.a(strcpy.o)
                0x0000171a                strcpy
 .text.avr-libc
                0x00001728       0x64 c:/program files (x86)/atmel/atmel toolchain/avr8 gcc/native/3.4.1056/avr8-gnu-toolchain/bin/../lib/gcc/avr/4.8.1/../../../../avr/lib/avr51\libc.a(fputc.o)
                0x00001728                fputc
 .text.avr-libc
                0x0000178c       0x22 c:/program files (x86)/atmel/atmel toolchain/avr8 gcc/native/3.4.1056/avr8-gnu-toolchain/bin/../lib/gcc/avr/4.8.1/../../../../avr/lib/avr51\libc.a(printf.o)
                0x0000178c                printf
 .text.avr-libc
                0x000017ae        0xa c:/program files (x86)/atmel/atmel toolchain/avr8 gcc/native/3.4.1056/avr8-gnu-toolchain/bin/../lib/gcc/avr/4.8.1/../../../../avr/lib/avr51\libc.a(putchar.o)
                0x000017ae                putchar
 .text.avr-libc
                0x000017b8       0x5a c:/program files (x86)/atmel/atmel toolchain/avr8 gcc/native/3.4.1056/avr8-gnu-toolchain/bin/../lib/gcc/avr/4.8.1/../../../../avr/lib/avr51\libc.a(puts.o)
                0x000017b8                puts
 .text.avr-libc
                0x00001812      0x3dc c:/program files (x86)/atmel/atmel toolchain/avr8 gcc/native/3.4.1056/avr8-gnu-toolchain/bin/../lib/gcc/avr/4.8.1/../../../../avr/lib/avr51\libc.a(vfprintf_std.o)
                0x00001812                vfprintf
 .text.avr-libc
                0x00001bee       0x16 c:/program files (x86)/atmel/atmel toolchain/avr8 gcc/native/3.4.1056/avr8-gnu-toolchain/bin/../lib/gcc/avr/4.8.1/../../../../avr/lib/avr51\libc.a(strnlen_P.o)
                0x00001bee                strnlen_P
 .text.avr-libc
                0x00001c04       0x16 c:/program files (x86)/atmel/atmel toolchain/avr8 gcc/native/3.4.1056/avr8-gnu-toolchain/bin/../lib/gcc/avr/4.8.1/../../../../avr/lib/avr51\libc.a(strnlen.o)
                0x00001c04                strnlen
 .text.avr-libc
                0x00001c1a       0xbc c:/program files (x86)/atmel/atmel toolchain/avr8 gcc/native/3.4.1056/avr8-gnu-toolchain/bin/../lib/gcc/avr/4.8.1/../../../../avr/lib/avr51\libc.a(ultoa_invert.o)
                0x00001c1a                __ultoa_invert
                0x00001cd6                . = ALIGN (0x2)
 *(.fini9)
 .fini9         0x00001cd6        0x0 c:/program files (x86)/atmel/atmel toolchain/avr8 gcc/native/3.4.1056/avr8-gnu-toolchain/bin/../lib/gcc/avr/4.8.1/avr51\libgcc.a(_exit.o)
                0x00001cd6                _exit
                0x00001cd6                exit
 *(.fini9)
 *(.fini8)
 *(.fini8)
 *(.fini7)
 *(.fini7)
 *(.fini6)
 *(.fini6)
 *(.fini5)
 *(.fini5)
 *(.fini4)
 *(.fini4)
 *(.fini3)
 *(.fini3)
 *(.fini2)
 *(.fini2)
 *(.fini1)
 *(.fini1)
 *(.fini0)
 .fini0         0x00001cd6        0x4 c:/program files (x86)/atmel/atmel toolchain/avr8 gcc/native/3.4.1056/avr8-gnu-toolchain/bin/../lib/gcc/avr/4.8.1/avr51\libgcc.a(_exit.o)
 *(.fini0)
                0x00001cda                _etext = .

.data           0x00800200      0x526 load address 0x00001cda
                0x00800200                PROVIDE (__data_start, .)
 *(.data)
 .data          0x00800200        0x0 c:/program files (x86)/atmel/atmel toolchain/avr8 gcc/native/3.4.1056/avr8-gnu-toolchain/bin/../lib/gcc/avr/4.8.1/../../../../avr/lib/avr51/crtm1280.o
 .data          0x00800200        0x0 ClientController.o
 .data          0x00800200        0x0 Communications.o
 .data          0x00800200        0x0 Ethernet/Ethernet.o
 .data          0x00800200        0x0 Ethernet/EthernetDriver.o
 .data          0x00800200        0x0 Print/PrintDriver.o
 .data          0x00800200        0x0 RAM/RAMDriver.o
 .data          0x00800200        0x0 Wifi/Wifi.o
 .data          0x00800200        0x0 Wifi/WifiDriver.o
 .data          0x00800200        0x0 c:/program files (x86)/atmel/atmel toolchain/avr8 gcc/native/3.4.1056/avr8-gnu-toolchain/bin/../lib/gcc/avr/4.8.1/avr51\libgcc.a(_exit.o)
 .data          0x00800200        0x0 c:/program files (x86)/atmel/atmel toolchain/avr8 gcc/native/3.4.1056/avr8-gnu-toolchain/bin/../lib/gcc/avr/4.8.1/avr51\libgcc.a(_copy_data.o)
 .data          0x00800200        0x0 c:/program files (x86)/atmel/atmel toolchain/avr8 gcc/native/3.4.1056/avr8-gnu-toolchain/bin/../lib/gcc/avr/4.8.1/avr51\libgcc.a(_clear_bss.o)
 .data          0x00800200        0x0 c:/program files (x86)/atmel/atmel toolchain/avr8 gcc/native/3.4.1056/avr8-gnu-toolchain/bin/../lib/gcc/avr/4.8.1/avr51\libgcc.a(_umulhisi3.o)
 .data          0x00800200        0x0 c:/program files (x86)/atmel/atmel toolchain/avr8 gcc/native/3.4.1056/avr8-gnu-toolchain/bin/../lib/gcc/avr/4.8.1/../../../../avr/lib/avr51\libc.a(strcat.o)
 .data          0x00800200        0x0 c:/program files (x86)/atmel/atmel toolchain/avr8 gcc/native/3.4.1056/avr8-gnu-toolchain/bin/../lib/gcc/avr/4.8.1/../../../../avr/lib/avr51\libc.a(strcpy.o)
 .data          0x00800200        0x0 c:/program files (x86)/atmel/atmel toolchain/avr8 gcc/native/3.4.1056/avr8-gnu-toolchain/bin/../lib/gcc/avr/4.8.1/../../../../avr/lib/avr51\libc.a(fputc.o)
 .data          0x00800200        0x0 c:/program files (x86)/atmel/atmel toolchain/avr8 gcc/native/3.4.1056/avr8-gnu-toolchain/bin/../lib/gcc/avr/4.8.1/../../../../avr/lib/avr51\libc.a(iob.o)
 .data          0x00800200        0x0 c:/program files (x86)/atmel/atmel toolchain/avr8 gcc/native/3.4.1056/avr8-gnu-toolchain/bin/../lib/gcc/avr/4.8.1/../../../../avr/lib/avr51\libc.a(printf.o)
 .data          0x00800200        0x0 c:/program files (x86)/atmel/atmel toolchain/avr8 gcc/native/3.4.1056/avr8-gnu-toolchain/bin/../lib/gcc/avr/4.8.1/../../../../avr/lib/avr51\libc.a(putchar.o)
 .data          0x00800200        0x0 c:/program files (x86)/atmel/atmel toolchain/avr8 gcc/native/3.4.1056/avr8-gnu-toolchain/bin/../lib/gcc/avr/4.8.1/../../../../avr/lib/avr51\libc.a(puts.o)
 .data          0x00800200        0x0 c:/program files (x86)/atmel/atmel toolchain/avr8 gcc/native/3.4.1056/avr8-gnu-toolchain/bin/../lib/gcc/avr/4.8.1/../../../../avr/lib/avr51\libc.a(vfprintf_std.o)
 .data          0x00800200        0x0 c:/program files (x86)/atmel/atmel toolchain/avr8 gcc/native/3.4.1056/avr8-gnu-toolchain/bin/../lib/gcc/avr/4.8.1/../../../../avr/lib/avr51\libc.a(strnlen_P.o)
 .data          0x00800200        0x0 c:/program files (x86)/atmel/atmel toolchain/avr8 gcc/native/3.4.1056/avr8-gnu-toolchain/bin/../lib/gcc/avr/4.8.1/../../../../avr/lib/avr51\libc.a(strnlen.o)
 .data          0x00800200        0x0 c:/program files (x86)/atmel/atmel toolchain/avr8 gcc/native/3.4.1056/avr8-gnu-toolchain/bin/../lib/gcc/avr/4.8.1/../../../../avr/lib/avr51\libc.a(ultoa_invert.o)
 *(.data*)
 .data.source_port
                0x00800200        0x2 Ethernet/Ethernet.o
                0x00800200                source_port
 .data.server_port
                0x00800202        0x2 Ethernet/Ethernet.o
                0x00800202                server_port
 .data.server_ip_addr
                0x00800204        0x4 Ethernet/Ethernet.o
                0x00800204                server_ip_addr
 .data.gtw_addr
                0x00800208        0x4 Ethernet/Ethernet.o
                0x00800208                gtw_addr
 .data.sub_mask
                0x0080020c        0x4 Ethernet/Ethernet.o
                0x0080020c                sub_mask
 .data.local_ip_addr
                0x00800210        0x4 Ethernet/Ethernet.o
                0x00800210                local_ip_addr
 .data.mac_addr
                0x00800214        0x6 Ethernet/Ethernet.o
                0x00800214                mac_addr
 .data.gl_source_port
                0x0080021a        0x2 Ethernet/EthernetDriver.o
                0x0080021a                gl_source_port
 .data.gl_server_port
                0x0080021c        0x2 Ethernet/EthernetDriver.o
                0x0080021c                gl_server_port
 .data.gl_server_ip_addr
                0x0080021e        0x4 Ethernet/EthernetDriver.o
                0x0080021e                gl_server_ip_addr
 .data.uart_stream
                0x00800222        0xe Print/PrintDriver.o
                0x00800222                uart_stream
 *(.rodata)
 *(.rodata*)
 .rodata.str1.1
                0x00800230       0xcc ClientController.o
 .rodata.str1.1
                0x008002fc       0x33 Communications.o
 .rodata.str1.1
                0x0080032f       0x2c Ethernet/Ethernet.o
                                 0x44 (size before relaxing)
 .rodata.str1.1
                0x0080035b      0x254 Ethernet/EthernetDriver.o
 .rodata.str1.1
                0x008005af       0x1c RAM/RAMDriver.o
 .rodata.str1.1
                0x008005cb       0xd9 Wifi/Wifi.o
                                 0xf3 (size before relaxing)
 .rodata.str1.1
                0x008006a4       0x82 Wifi/WifiDriver.o
                                 0x8c (size before relaxing)
 *(.gnu.linkonce.d*)
                0x00800726                . = ALIGN (0x2)
                0x00800726                _edata = .
                0x00800726                PROVIDE (__data_end, .)

.bss            0x00800726      0x198
                0x00800726                PROVIDE (__bss_start, .)
 *(.bss)
 *(.bss*)
 .bss.RAMAddress
                0x00800726        0x4 Wifi/WifiDriver.o
                0x00800726                RAMAddress
 .bss.transLength
                0x0080072a        0x2 Wifi/WifiDriver.o
                0x0080072a                transLength
 .bss.receiveWifiFlag
                0x0080072c        0x1 Wifi/WifiDriver.o
                0x0080072c                receiveWifiFlag
 .bss.i         0x0080072d        0x2 Wifi/WifiDriver.o
                0x0080072d                i
 .bss.testPrint
                0x0080072f        0x2 Wifi/WifiDriver.o
                0x0080072f                testPrint
 .bss.bufferStart
                0x00800731        0x2 Wifi/WifiDriver.o
                0x00800731                bufferStart
 *(COMMON)
 COMMON         0x00800733       0x69 ClientController.o
                0x00800733                filepath
                0x00800797                Flags
 COMMON         0x0080079c       0x96 Ethernet/Ethernet.o
                0x0080079c                httpBuff
 COMMON         0x00800832        0x8 Ethernet/EthernetDriver.o
                0x00800832                S0_TX_MASK
                0x00800834                S0_TX_BASE
                0x00800836                S0_RX_BASE
                0x00800838                S0_RX_MASK
 COMMON         0x0080083a       0x7e Wifi/WifiDriver.o
                0x0080083a                buff
                0x0080083b                receiveBuffer
                0x00800854                fullCommand
 COMMON         0x008008b8        0x6 c:/program files (x86)/atmel/atmel toolchain/avr8 gcc/native/3.4.1056/avr8-gnu-toolchain/bin/../lib/gcc/avr/4.8.1/../../../../avr/lib/avr51\libc.a(iob.o)
                0x008008b8                __iob
                0x008008be                PROVIDE (__bss_end, .)
                0x00001cda                __data_load_start = LOADADDR (.data)
                0x00002200                __data_load_end = (__data_load_start + SIZEOF (.data))

.noinit         0x008008be        0x0
                0x008008be                PROVIDE (__noinit_start, .)
 *(.noinit*)
                0x008008be                PROVIDE (__noinit_end, .)
                0x008008be                _end = .
                0x008008be                PROVIDE (__heap_start, .)

.eeprom         0x00810000        0x0
 *(.eeprom*)
                0x00810000                __eeprom_end = .

.fuse
 *(.fuse)
 *(.lfuse)
 *(.hfuse)
 *(.efuse)

.lock
 *(.lock*)

.signature
 *(.signature*)

.user_signatures
 *(.user_signatures*)

.stab
 *(.stab)

.stabstr
 *(.stabstr)

.stab.excl
 *(.stab.excl)

.stab.exclstr
 *(.stab.exclstr)

.stab.index
 *(.stab.index)

.stab.indexstr
 *(.stab.indexstr)

.comment        0x00000000       0x5c
 *(.comment)
 .comment       0x00000000       0x30 ClientController.o
                                 0x31 (size before relaxing)
 .comment       0x00000000       0x31 Communications.o
 .comment       0x00000000       0x31 Ethernet/Ethernet.o
 .comment       0x00000000       0x31 Ethernet/EthernetDriver.o
 .comment       0x00000000       0x31 Print/PrintDriver.o
 .comment       0x00000000       0x31 RAM/RAMDriver.o
 .comment       0x00000000       0x31 Wifi/Wifi.o
 .comment       0x00000000       0x31 Wifi/WifiDriver.o
 .comment       0x00000000       0x31 c:/program files (x86)/atmel/atmel toolchain/avr8 gcc/native/3.4.1056/avr8-gnu-toolchain/bin/../lib/gcc/avr/4.8.1/../../../../avr/lib/avr51\libc.a(fputc.o)
 .comment       0x00000000       0x31 c:/program files (x86)/atmel/atmel toolchain/avr8 gcc/native/3.4.1056/avr8-gnu-toolchain/bin/../lib/gcc/avr/4.8.1/../../../../avr/lib/avr51\libc.a(iob.o)
 .comment       0x00000000       0x31 c:/program files (x86)/atmel/atmel toolchain/avr8 gcc/native/3.4.1056/avr8-gnu-toolchain/bin/../lib/gcc/avr/4.8.1/../../../../avr/lib/avr51\libc.a(printf.o)
 .comment       0x00000000       0x31 c:/program files (x86)/atmel/atmel toolchain/avr8 gcc/native/3.4.1056/avr8-gnu-toolchain/bin/../lib/gcc/avr/4.8.1/../../../../avr/lib/avr51\libc.a(putchar.o)
 .comment       0x00000000       0x31 c:/program files (x86)/atmel/atmel toolchain/avr8 gcc/native/3.4.1056/avr8-gnu-toolchain/bin/../lib/gcc/avr/4.8.1/../../../../avr/lib/avr51\libc.a(puts.o)
 .comment       0x00000030       0x2c c:/program files (x86)/atmel/atmel toolchain/avr8 gcc/native/3.4.1056/avr8-gnu-toolchain/bin/../lib/gcc/avr/4.8.1/../../../../avr/lib/avr51\libc.a(vfprintf_std.o)
                                 0x2d (size before relaxing)

.note.gnu.build-id
 *(.note.gnu.build-id)

.debug
 *(.debug)

.line
 *(.line)

.debug_srcinfo
 *(.debug_srcinfo)

.debug_sfnames
 *(.debug_sfnames)

.debug_aranges  0x00000000      0x310
 *(.debug_aranges)
 .debug_aranges
                0x00000000       0x58 ClientController.o
 .debug_aranges
                0x00000058       0x20 Communications.o
 .debug_aranges
                0x00000078       0x38 Ethernet/Ethernet.o
 .debug_aranges
                0x000000b0       0x80 Ethernet/EthernetDriver.o
 .debug_aranges
                0x00000130       0x60 Print/PrintDriver.o
 .debug_aranges
                0x00000190       0x80 RAM/RAMDriver.o
 .debug_aranges
                0x00000210       0x60 Wifi/Wifi.o
 .debug_aranges
                0x00000270       0xa0 Wifi/WifiDriver.o

.debug_pubnames
 *(.debug_pubnames)

.debug_info     0x00000000     0x381a
 *(.debug_info .gnu.linkonce.wi.*)
 .debug_info    0x00000000      0x52a ClientController.o
 .debug_info    0x0000052a      0x2c9 Communications.o
 .debug_info    0x000007f3      0x4ef Ethernet/Ethernet.o
 .debug_info    0x00000ce2     0x130a Ethernet/EthernetDriver.o
 .debug_info    0x00001fec      0x497 Print/PrintDriver.o
 .debug_info    0x00002483      0x4ac RAM/RAMDriver.o
 .debug_info    0x0000292f      0x848 Wifi/Wifi.o
 .debug_info    0x00003177      0x6a3 Wifi/WifiDriver.o

.debug_abbrev   0x00000000      0xf67
 *(.debug_abbrev)
 .debug_abbrev  0x00000000      0x1c6 ClientController.o
 .debug_abbrev  0x000001c6      0x138 Communications.o
 .debug_abbrev  0x000002fe      0x19f Ethernet/Ethernet.o
 .debug_abbrev  0x0000049d      0x306 Ethernet/EthernetDriver.o
 .debug_abbrev  0x000007a3      0x1e3 Print/PrintDriver.o
 .debug_abbrev  0x00000986      0x192 RAM/RAMDriver.o
 .debug_abbrev  0x00000b18      0x18c Wifi/Wifi.o
 .debug_abbrev  0x00000ca4      0x2c3 Wifi/WifiDriver.o

.debug_line     0x00000000     0x1c49
 *(.debug_line .debug_line.* .debug_line_end)
 .debug_line    0x00000000      0x307 ClientController.o
 .debug_line    0x00000307      0x175 Communications.o
 .debug_line    0x0000047c      0x187 Ethernet/Ethernet.o
 .debug_line    0x00000603      0x76a Ethernet/EthernetDriver.o
 .debug_line    0x00000d6d      0x27c Print/PrintDriver.o
 .debug_line    0x00000fe9      0x3f7 RAM/RAMDriver.o
 .debug_line    0x000013e0      0x2f7 Wifi/Wifi.o
 .debug_line    0x000016d7      0x572 Wifi/WifiDriver.o

.debug_frame    0x00000000      0xb14
 *(.debug_frame)
 .debug_frame   0x00000000      0x134 ClientController.o
 .debug_frame   0x00000134       0x34 Communications.o
 .debug_frame   0x00000168       0xbc Ethernet/Ethernet.o
 .debug_frame   0x00000224      0x350 Ethernet/EthernetDriver.o
 .debug_frame   0x00000574       0xdc Print/PrintDriver.o
 .debug_frame   0x00000650      0x18c RAM/RAMDriver.o
 .debug_frame   0x000007dc      0x104 Wifi/Wifi.o
 .debug_frame   0x000008e0      0x234 Wifi/WifiDriver.o

.debug_str      0x00000000      0x8f3
 *(.debug_str)
 .debug_str     0x00000000      0x29e ClientController.o
                                0x2e2 (size before relaxing)
 .debug_str     0x0000029e       0x6d Communications.o
                                0x220 (size before relaxing)
 .debug_str     0x0000030b       0xca Ethernet/Ethernet.o
                                0x2d0 (size before relaxing)
 .debug_str     0x000003d5      0x1f1 Ethernet/EthernetDriver.o
                                0x455 (size before relaxing)
 .debug_str     0x000005c6       0xb2 Print/PrintDriver.o
                                0x243 (size before relaxing)
 .debug_str     0x00000678       0xac RAM/RAMDriver.o
                                0x28d (size before relaxing)
 .debug_str     0x00000724       0xce Wifi/Wifi.o
                                0x2ec (size before relaxing)
 .debug_str     0x000007f2      0x101 Wifi/WifiDriver.o
                                0x3c3 (size before relaxing)

.debug_loc      0x00000000     0x286e
 *(.debug_loc)
 .debug_loc     0x00000000      0x2d1 ClientController.o
 .debug_loc     0x000002d1       0x48 Communications.o
 .debug_loc     0x00000319      0x28c Ethernet/Ethernet.o
 .debug_loc     0x000005a5     0x113a Ethernet/EthernetDriver.o
 .debug_loc     0x000016df      0x22e Print/PrintDriver.o
 .debug_loc     0x0000190d      0x51c RAM/RAMDriver.o
 .debug_loc     0x00001e29      0x414 Wifi/Wifi.o
 .debug_loc     0x0000223d      0x631 Wifi/WifiDriver.o

.debug_macinfo
 *(.debug_macinfo)

.debug_weaknames
 *(.debug_weaknames)

.debug_funcnames
 *(.debug_funcnames)

.debug_typenames
 *(.debug_typenames)

.debug_varnames
 *(.debug_varnames)

.debug_pubtypes
 *(.debug_pubtypes)

.debug_ranges   0x00000000      0x2a8
 *(.debug_ranges)
 .debug_ranges  0x00000000       0x48 ClientController.o
 .debug_ranges  0x00000048       0x10 Communications.o
 .debug_ranges  0x00000058       0x28 Ethernet/Ethernet.o
 .debug_ranges  0x00000080       0x88 Ethernet/EthernetDriver.o
 .debug_ranges  0x00000108       0x50 Print/PrintDriver.o
 .debug_ranges  0x00000158       0x70 RAM/RAMDriver.o
 .debug_ranges  0x000001c8       0x50 Wifi/Wifi.o
 .debug_ranges  0x00000218       0x90 Wifi/WifiDriver.o

.debug_macro
 *(.debug_macro)
OUTPUT(Communications.elf elf32-avr)
LOAD linker stubs
