#-----------------------------------------------------------
# PlanAhead v14.6 (64-bit)
# Build 269223 by xbuild on Wed Jun  5 11:14:03 MDT 2013
# Start of session at: Tue Mar 10 22:38:51 2015
# Process ID: 9496
# Log file: C:/Users/Adam Vogel/Desktop/spi/SPIII/planAhead_run_1/planAhead.log
# Journal file: C:/Users/Adam Vogel/Desktop/spi/SPIII/planAhead_run_1/planAhead.jou
#-----------------------------------------------------------
start_gui
source {C:/Users/Adam Vogel/Desktop/spi/SPIII/pa.fromHdl.tcl}
update_compile_order -fileset sim_1
set_property package_pin "" [get_ports [list  Clock]]
set_property iostandard LVCMOS25 [get_ports [list Clock]]
set_property iostandard LVCMOS25 [get_ports [list cs]]
set_property package_pin "" [get_ports [list  Clock]]
startgroup
set_property package_pin B8 [get_ports Clock]
endgroup
set_property is_loc_fixed false [get_ports [list  Clock]]
set_property package_pin "" [get_ports [list  cs]]
startgroup
set_property package_pin L13 [get_ports Clock]
endgroup
startgroup
set_property package_pin L14 [get_ports cs]
endgroup
set_property package_pin "" [get_ports [list  dataout]]
startgroup
set_property package_pin H18 [get_ports sdata]
endgroup
startgroup
set_property package_pin F12 [get_ports dataout]
endgroup
startgroup
set_property package_pin H18 [get_ports sdata]
endgroup
save_constraints
