Archive member included because of file (symbol)

c:/program files (x86)/atmel/atmel toolchain/avr8 gcc/native/3.4.1056/avr8-gnu-toolchain/bin/../lib/gcc/avr/4.8.1/avr51\libgcc.a(_exit.o)
                              c:/program files (x86)/atmel/atmel toolchain/avr8 gcc/native/3.4.1056/avr8-gnu-toolchain/bin/../lib/gcc/avr/4.8.1/../../../../avr/lib/avr51/crtm1280.o (exit)

Discarded input sections

 .bss           0x00000000        0x0 c:/program files (x86)/atmel/atmel toolchain/avr8 gcc/native/3.4.1056/avr8-gnu-toolchain/bin/../lib/gcc/avr/4.8.1/../../../../avr/lib/avr51/crtm1280.o
 .text          0x00000000        0x0 VoltageControl.o
 .bss           0x00000000        0x0 VoltageControl.o
 .text          0x00000000        0x0 VoltageControlDriver.o
 .bss           0x00000000        0x0 VoltageControlDriver.o
 .text.disableVppRegulator
                0x00000000        0xa VoltageControlDriver.o
 .text.disbaleVccRegulator
                0x00000000        0xa VoltageControlDriver.o
 .text.VLogicClear
                0x00000000        0x8 VoltageControlDriver.o
 .text.disableVLogic
                0x00000000        0xa VoltageControlDriver.o
 .text          0x00000000        0x0 c:/program files (x86)/atmel/atmel toolchain/avr8 gcc/native/3.4.1056/avr8-gnu-toolchain/bin/../lib/gcc/avr/4.8.1/avr51\libgcc.a(_exit.o)
 .bss           0x00000000        0x0 c:/program files (x86)/atmel/atmel toolchain/avr8 gcc/native/3.4.1056/avr8-gnu-toolchain/bin/../lib/gcc/avr/4.8.1/avr51\libgcc.a(_exit.o)
 .text.libgcc.mul
                0x00000000        0x0 c:/program files (x86)/atmel/atmel toolchain/avr8 gcc/native/3.4.1056/avr8-gnu-toolchain/bin/../lib/gcc/avr/4.8.1/avr51\libgcc.a(_exit.o)
 .text.libgcc.div
                0x00000000        0x0 c:/program files (x86)/atmel/atmel toolchain/avr8 gcc/native/3.4.1056/avr8-gnu-toolchain/bin/../lib/gcc/avr/4.8.1/avr51\libgcc.a(_exit.o)
 .text.libgcc   0x00000000        0x0 c:/program files (x86)/atmel/atmel toolchain/avr8 gcc/native/3.4.1056/avr8-gnu-toolchain/bin/../lib/gcc/avr/4.8.1/avr51\libgcc.a(_exit.o)
 .text.libgcc.prologue
                0x00000000        0x0 c:/program files (x86)/atmel/atmel toolchain/avr8 gcc/native/3.4.1056/avr8-gnu-toolchain/bin/../lib/gcc/avr/4.8.1/avr51\libgcc.a(_exit.o)
 .text.libgcc.builtins
                0x00000000        0x0 c:/program files (x86)/atmel/atmel toolchain/avr8 gcc/native/3.4.1056/avr8-gnu-toolchain/bin/../lib/gcc/avr/4.8.1/avr51\libgcc.a(_exit.o)
 .text.libgcc.fmul
                0x00000000        0x0 c:/program files (x86)/atmel/atmel toolchain/avr8 gcc/native/3.4.1056/avr8-gnu-toolchain/bin/../lib/gcc/avr/4.8.1/avr51\libgcc.a(_exit.o)
 .text.libgcc.fixed
                0x00000000        0x0 c:/program files (x86)/atmel/atmel toolchain/avr8 gcc/native/3.4.1056/avr8-gnu-toolchain/bin/../lib/gcc/avr/4.8.1/avr51\libgcc.a(_exit.o)

Memory Configuration

Name             Origin             Length             Attributes
text             0x00000000         0x00020000         xr
data             0x00800100         0x0000ff00         rw !x
eeprom           0x00810000         0x00010000         rw !x
fuse             0x00820000         0x00000400         rw !x
lock             0x00830000         0x00000400         rw !x
signature        0x00840000         0x00000400         rw !x
user_signatures  0x00850000         0x00000400         rw !x
*default*        0x00000000         0xffffffff

Linker script and memory map

Address of section .data set to 0x800200
LOAD c:/program files (x86)/atmel/atmel toolchain/avr8 gcc/native/3.4.1056/avr8-gnu-toolchain/bin/../lib/gcc/avr/4.8.1/../../../../avr/lib/avr51/crtm1280.o
LOAD VoltageControl.o
LOAD VoltageControlDriver.o
START GROUP
LOAD c:/program files (x86)/atmel/atmel toolchain/avr8 gcc/native/3.4.1056/avr8-gnu-toolchain/bin/../lib/gcc/avr/4.8.1/../../../../avr/lib/avr51\libm.a
END GROUP
START GROUP
LOAD c:/program files (x86)/atmel/atmel toolchain/avr8 gcc/native/3.4.1056/avr8-gnu-toolchain/bin/../lib/gcc/avr/4.8.1/avr51\libgcc.a
LOAD c:/program files (x86)/atmel/atmel toolchain/avr8 gcc/native/3.4.1056/avr8-gnu-toolchain/bin/../lib/gcc/avr/4.8.1/../../../../avr/lib/avr51\libm.a
LOAD c:/program files (x86)/atmel/atmel toolchain/avr8 gcc/native/3.4.1056/avr8-gnu-toolchain/bin/../lib/gcc/avr/4.8.1/../../../../avr/lib/avr51\libc.a
END GROUP

.hash
 *(.hash)

.dynsym
 *(.dynsym)

.dynstr
 *(.dynstr)

.gnu.version
 *(.gnu.version)

.gnu.version_d
 *(.gnu.version_d)

.gnu.version_r
 *(.gnu.version_r)

.rel.init
 *(.rel.init)

.rela.init
 *(.rela.init)

.rel.text
 *(.rel.text)
 *(.rel.text.*)
 *(.rel.gnu.linkonce.t*)

.rela.text
 *(.rela.text)
 *(.rela.text.*)
 *(.rela.gnu.linkonce.t*)

.rel.fini
 *(.rel.fini)

.rela.fini
 *(.rela.fini)

.rel.rodata
 *(.rel.rodata)
 *(.rel.rodata.*)
 *(.rel.gnu.linkonce.r*)

.rela.rodata
 *(.rela.rodata)
 *(.rela.rodata.*)
 *(.rela.gnu.linkonce.r*)

.rel.data
 *(.rel.data)
 *(.rel.data.*)
 *(.rel.gnu.linkonce.d*)

.rela.data
 *(.rela.data)
 *(.rela.data.*)
 *(.rela.gnu.linkonce.d*)

.rel.ctors
 *(.rel.ctors)

.rela.ctors
 *(.rela.ctors)

.rel.dtors
 *(.rel.dtors)

.rela.dtors
 *(.rela.dtors)

.rel.got
 *(.rel.got)

.rela.got
 *(.rela.got)

.rel.bss
 *(.rel.bss)

.rela.bss
 *(.rela.bss)

.rel.plt
 *(.rel.plt)

.rela.plt
 *(.rela.plt)

.text           0x00000000      0x16e
 *(.vectors)
 .vectors       0x00000000       0xe4 c:/program files (x86)/atmel/atmel toolchain/avr8 gcc/native/3.4.1056/avr8-gnu-toolchain/bin/../lib/gcc/avr/4.8.1/../../../../avr/lib/avr51/crtm1280.o
                0x00000000                __vector_default
                0x00000000                __vectors
 *(.vectors)
 *(.progmem.gcc*)
                0x000000e4                . = ALIGN (0x2)
                0x000000e4                __trampolines_start = .
 *(.trampolines)
 .trampolines   0x000000e4        0x0 linker stubs
 *(.trampolines*)
                0x000000e4                __trampolines_end = .
 *(.progmem*)
                0x000000e4                . = ALIGN (0x2)
 *(.jumptables)
 *(.jumptables*)
 *(.lowtext)
 *(.lowtext*)
                0x000000e4                __ctors_start = .
 *(.ctors)
                0x000000e4                __ctors_end = .
                0x000000e4                __dtors_start = .
 *(.dtors)
                0x000000e4                __dtors_end = .
 SORT(*)(.ctors)
 SORT(*)(.dtors)
 *(.init0)
 .init0         0x000000e4        0x0 c:/program files (x86)/atmel/atmel toolchain/avr8 gcc/native/3.4.1056/avr8-gnu-toolchain/bin/../lib/gcc/avr/4.8.1/../../../../avr/lib/avr51/crtm1280.o
                0x000000e4                __init
 *(.init0)
 *(.init1)
 *(.init1)
 *(.init2)
 .init2         0x000000e4        0xc c:/program files (x86)/atmel/atmel toolchain/avr8 gcc/native/3.4.1056/avr8-gnu-toolchain/bin/../lib/gcc/avr/4.8.1/../../../../avr/lib/avr51/crtm1280.o
 *(.init2)
 *(.init3)
 *(.init3)
 *(.init4)
 *(.init4)
 *(.init5)
 *(.init5)
 *(.init6)
 *(.init6)
 *(.init7)
 *(.init7)
 *(.init8)
 *(.init8)
 *(.init9)
 .init9         0x000000f0        0x4 c:/program files (x86)/atmel/atmel toolchain/avr8 gcc/native/3.4.1056/avr8-gnu-toolchain/bin/../lib/gcc/avr/4.8.1/../../../../avr/lib/avr51/crtm1280.o
 *(.init9)
 *(.text)
 .text          0x000000f4        0x2 c:/program files (x86)/atmel/atmel toolchain/avr8 gcc/native/3.4.1056/avr8-gnu-toolchain/bin/../lib/gcc/avr/4.8.1/../../../../avr/lib/avr51/crtm1280.o
                0x000000f4                __vector_38
                0x000000f4                __vector_22
                0x000000f4                __vector_28
                0x000000f4                __vector_1
                0x000000f4                __vector_32
                0x000000f4                __vector_34
                0x000000f4                __vector_24
                0x000000f4                __vector_12
                0x000000f4                __vector_55
                0x000000f4                __vector_46
                0x000000f4                __bad_interrupt
                0x000000f4                __vector_6
                0x000000f4                __vector_31
                0x000000f4                __vector_35
                0x000000f4                __vector_39
                0x000000f4                __vector_3
                0x000000f4                __vector_23
                0x000000f4                __vector_30
                0x000000f4                __vector_45
                0x000000f4                __vector_25
                0x000000f4                __vector_11
                0x000000f4                __vector_54
                0x000000f4                __vector_13
                0x000000f4                __vector_17
                0x000000f4                __vector_19
                0x000000f4                __vector_56
                0x000000f4                __vector_7
                0x000000f4                __vector_49
                0x000000f4                __vector_41
                0x000000f4                __vector_43
                0x000000f4                __vector_27
                0x000000f4                __vector_5
                0x000000f4                __vector_33
                0x000000f4                __vector_47
                0x000000f4                __vector_52
                0x000000f4                __vector_37
                0x000000f4                __vector_4
                0x000000f4                __vector_44
                0x000000f4                __vector_51
                0x000000f4                __vector_9
                0x000000f4                __vector_2
                0x000000f4                __vector_21
                0x000000f4                __vector_15
                0x000000f4                __vector_36
                0x000000f4                __vector_29
                0x000000f4                __vector_40
                0x000000f4                __vector_8
                0x000000f4                __vector_26
                0x000000f4                __vector_48
                0x000000f4                __vector_14
                0x000000f4                __vector_53
                0x000000f4                __vector_10
                0x000000f4                __vector_50
                0x000000f4                __vector_16
                0x000000f4                __vector_18
                0x000000f4                __vector_20
                0x000000f4                __vector_42
                0x000000f6                . = ALIGN (0x2)
 *(.text.*)
 .text.main     0x000000f6       0x10 VoltageControl.o
                0x000000f6                main
 .text.VppClear
                0x00000106        0x8 VoltageControlDriver.o
                0x00000106                VppClear
 .text.voltageControlInit
                0x0000010e       0x14 VoltageControlDriver.o
                0x0000010e                voltageControlInit
 .text.enableVppRegulator
                0x00000122        0x6 VoltageControlDriver.o
                0x00000122                enableVppRegulator
 .text.VccClear
                0x00000128        0x8 VoltageControlDriver.o
                0x00000128                VccClear
 .text.enableVccRegulator
                0x00000130        0x6 VoltageControlDriver.o
                0x00000130                enableVccRegulator
 .text.setVcc   0x00000136       0x10 VoltageControlDriver.o
                0x00000136                setVcc
 .text.setVpp   0x00000146       0x10 VoltageControlDriver.o
                0x00000146                setVpp
 .text.enableVLogic
                0x00000156        0x4 VoltageControlDriver.o
                0x00000156                enableVLogic
 .text.setVLogic
                0x0000015a       0x10 VoltageControlDriver.o
                0x0000015a                setVLogic
                0x0000016a                . = ALIGN (0x2)
 *(.fini9)
 .fini9         0x0000016a        0x0 c:/program files (x86)/atmel/atmel toolchain/avr8 gcc/native/3.4.1056/avr8-gnu-toolchain/bin/../lib/gcc/avr/4.8.1/avr51\libgcc.a(_exit.o)
                0x0000016a                _exit
                0x0000016a                exit
 *(.fini9)
 *(.fini8)
 *(.fini8)
 *(.fini7)
 *(.fini7)
 *(.fini6)
 *(.fini6)
 *(.fini5)
 *(.fini5)
 *(.fini4)
 *(.fini4)
 *(.fini3)
 *(.fini3)
 *(.fini2)
 *(.fini2)
 *(.fini1)
 *(.fini1)
 *(.fini0)
 .fini0         0x0000016a        0x4 c:/program files (x86)/atmel/atmel toolchain/avr8 gcc/native/3.4.1056/avr8-gnu-toolchain/bin/../lib/gcc/avr/4.8.1/avr51\libgcc.a(_exit.o)
 *(.fini0)
                0x0000016e                _etext = .

.data           0x00800200        0x0 load address 0x0000016e
                0x00800200                PROVIDE (__data_start, .)
 *(.data)
 .data          0x00800200        0x0 c:/program files (x86)/atmel/atmel toolchain/avr8 gcc/native/3.4.1056/avr8-gnu-toolchain/bin/../lib/gcc/avr/4.8.1/../../../../avr/lib/avr51/crtm1280.o
 .data          0x00800200        0x0 VoltageControl.o
 .data          0x00800200        0x0 VoltageControlDriver.o
 .data          0x00800200        0x0 c:/program files (x86)/atmel/atmel toolchain/avr8 gcc/native/3.4.1056/avr8-gnu-toolchain/bin/../lib/gcc/avr/4.8.1/avr51\libgcc.a(_exit.o)
 *(.data*)
 *(.rodata)
 *(.rodata*)
 *(.gnu.linkonce.d*)
                0x00800200                . = ALIGN (0x2)
                0x00800200                _edata = .
                0x00800200                PROVIDE (__data_end, .)

.bss            0x00800200        0x0
                0x00800200                PROVIDE (__bss_start, .)
 *(.bss)
 *(.bss*)
 *(COMMON)
                0x00800200                PROVIDE (__bss_end, .)
                0x0000016e                __data_load_start = LOADADDR (.data)
                0x0000016e                __data_load_end = (__data_load_start + SIZEOF (.data))

.noinit         0x00800200        0x0
                0x00800200                PROVIDE (__noinit_start, .)
 *(.noinit*)
                0x00800200                PROVIDE (__noinit_end, .)
                0x00800200                _end = .
                0x00800200                PROVIDE (__heap_start, .)

.eeprom         0x00810000        0x0
 *(.eeprom*)
                0x00810000                __eeprom_end = .

.fuse
 *(.fuse)
 *(.lfuse)
 *(.hfuse)
 *(.efuse)

.lock
 *(.lock*)

.signature
 *(.signature*)

.user_signatures
 *(.user_signatures*)

.stab
 *(.stab)

.stabstr
 *(.stabstr)

.stab.excl
 *(.stab.excl)

.stab.exclstr
 *(.stab.exclstr)

.stab.index
 *(.stab.index)

.stab.indexstr
 *(.stab.indexstr)

.comment        0x00000000       0x30
 *(.comment)
 .comment       0x00000000       0x30 VoltageControl.o
                                 0x31 (size before relaxing)
 .comment       0x00000000       0x31 VoltageControlDriver.o

.note.gnu.build-id
 *(.note.gnu.build-id)

.debug
 *(.debug)

.line
 *(.line)

.debug_srcinfo
 *(.debug_srcinfo)

.debug_sfnames
 *(.debug_sfnames)

.debug_aranges  0x00000000       0xa0
 *(.debug_aranges)
 .debug_aranges
                0x00000000       0x20 VoltageControl.o
 .debug_aranges
                0x00000020       0x80 VoltageControlDriver.o

.debug_pubnames
 *(.debug_pubnames)

.debug_info     0x00000000      0x320
 *(.debug_info .gnu.linkonce.wi.*)
 .debug_info    0x00000000      0x11d VoltageControl.o
 .debug_info    0x0000011d      0x203 VoltageControlDriver.o

.debug_abbrev   0x00000000      0x180
 *(.debug_abbrev)
 .debug_abbrev  0x00000000       0xc9 VoltageControl.o
 .debug_abbrev  0x000000c9       0xb7 VoltageControlDriver.o

.debug_line     0x00000000      0x33d
 *(.debug_line .debug_line.* .debug_line_end)
 .debug_line    0x00000000       0xe6 VoltageControl.o
 .debug_line    0x000000e6      0x257 VoltageControlDriver.o

.debug_frame    0x00000000      0x108
 *(.debug_frame)
 .debug_frame   0x00000000       0x24 VoltageControl.o
 .debug_frame   0x00000024       0xe4 VoltageControlDriver.o

.debug_str      0x00000000      0x21d
 *(.debug_str)
 .debug_str     0x00000000      0x16d VoltageControl.o
                                0x1a1 (size before relaxing)
 .debug_str     0x0000016d       0xb0 VoltageControlDriver.o
                                0x23b (size before relaxing)

.debug_loc      0x00000000       0xae
 *(.debug_loc)
 .debug_loc     0x00000000       0xae VoltageControlDriver.o

.debug_macinfo
 *(.debug_macinfo)

.debug_weaknames
 *(.debug_weaknames)

.debug_funcnames
 *(.debug_funcnames)

.debug_typenames
 *(.debug_typenames)

.debug_varnames
 *(.debug_varnames)

.debug_pubtypes
 *(.debug_pubtypes)

.debug_ranges   0x00000000       0x80
 *(.debug_ranges)
 .debug_ranges  0x00000000       0x10 VoltageControl.o
 .debug_ranges  0x00000010       0x70 VoltageControlDriver.o

.debug_macro
 *(.debug_macro)
OUTPUT(VoltageControl.elf elf32-avr)
LOAD linker stubs
